ok - fm-control relaunch: a mate with a per-mate override line lands on that override, not the default pin
ok - fm-control relaunch: a mate with no override line still resolves the default pin
ok - fm-control relaunch: an unparseable secondmate pin refuses before anything is stopped
ok - fm-control relaunch: explicit secondmate harness resets unnamed profile axes
rm: cannot remove '/tmp/fm-control-relaunch.71AZDz/smpinmate-26874/home/state/smp1.git-hooks/post-rewrite': Permission denied
rm: cannot remove '/tmp/fm-control-relaunch.71AZDz/smpinmate-26874/home/state/smp1.git-hooks/pre-applypatch': Permission denied
rm: cannot remove '/tmp/fm-control-relaunch.71AZDz/smpinmate-26874/home/state/smp1.git-hooks/post-checkout': Permission denied
rm: cannot remove '/tmp/fm-control-relaunch.71AZDz/smpinmate-26874/home/state/smp1.git-hooks/pre-auto-gc': Permission denied
rm: cannot remove '/tmp/fm-control-relaunch.71AZDz/smpinmate-26874/home/state/smp1.git-hooks/pre-push': Permission denied
rm: cannot remove '/tmp/fm-control-relaunch.71AZDz/smpinmate-26874/home/state/smp1.git-hooks/post-applypatch': Permission denied
rm: cannot remove '/tmp/fm-control-relaunch.71AZDz/smpinmate-26874/home/state/smp1.git-hooks/sendemail-validate': Permission denied
rm: cannot remove '/tmp/fm-control-relaunch.71AZDz/smpinmate-26874/home/state/smp1.git-hooks/prepare-commit-msg': Permission denied
rm: cannot remove '/tmp/fm-control-relaunch.71AZDz/smpinmate-26874/home/state/smp1.git-hooks/post-merge': Permission denied
rm: cannot remove '/tmp/fm-control-relaunch.71AZDz/smpinmate-26874/home/state/smp1.git-hooks/pre-commit': Permission denied
rm: cannot remove '/tmp/fm-control-relaunch.71AZDz/smpinmate-26874/home/state/smp1.git-hooks/post-commit': Permission denied
rm: cannot remove '/tmp/fm-control-relaunch.71AZDz/smpinmate-26874/home/state/smp1.git-hooks/pre-rebase': Permission denied
rm: cannot remove '/tmp/fm-control-relaunch.71AZDz/smpinmate-26874/home/state/smp1.git-hooks/pre-merge-commit': Permission denied
rm: cannot remove '/tmp/fm-control-relaunch.71AZDz/smpinmate-26874/home/state/smp1.git-hooks/applypatch-msg': Permission denied
rm: cannot remove '/tmp/fm-control-relaunch.71AZDz/smpinmate-26874/home/state/smp1.git-hooks/commit-msg': Permission denied
rm: cannot remove '/tmp/fm-control-relaunch.71AZDz/smdefault-15093/home/state/smp2.git-hooks/post-rewrite': Permission denied
rm: cannot remove '/tmp/fm-control-relaunch.71AZDz/smdefault-15093/home/state/smp2.git-hooks/pre-applypatch': Permission denied
rm: cannot remove '/tmp/fm-control-relaunch.71AZDz/smdefault-15093/home/state/smp2.git-hooks/post-checkout': Permission denied
rm: cannot remove '/tmp/fm-control-relaunch.71AZDz/smdefault-15093/home/state/smp2.git-hooks/pre-auto-gc': Permission denied
rm: cannot remove '/tmp/fm-control-relaunch.71AZDz/smdefault-15093/home/state/smp2.git-hooks/pre-push': Permission denied
rm: cannot remove '/tmp/fm-control-relaunch.71AZDz/smdefault-15093/home/state/smp2.git-hooks/post-applypatch': Permission denied
rm: cannot remove '/tmp/fm-control-relaunch.71AZDz/smdefault-15093/home/state/smp2.git-hooks/sendemail-validate': Permission denied
rm: cannot remove '/tmp/fm-control-relaunch.71AZDz/smdefault-15093/home/state/smp2.git-hooks/prepare-commit-msg': Permission denied
rm: cannot remove '/tmp/fm-control-relaunch.71AZDz/smdefault-15093/home/state/smp2.git-hooks/post-merge': Permission denied
rm: cannot remove '/tmp/fm-control-relaunch.71AZDz/smdefault-15093/home/state/smp2.git-hooks/pre-commit': Permission denied
rm: cannot remove '/tmp/fm-control-relaunch.71AZDz/smdefault-15093/home/state/smp2.git-hooks/post-commit': Permission denied
rm: cannot remove '/tmp/fm-control-relaunch.71AZDz/smdefault-15093/home/state/smp2.git-hooks/pre-rebase': Permission denied
rm: cannot remove '/tmp/fm-control-relaunch.71AZDz/smdefault-15093/home/state/smp2.git-hooks/pre-merge-commit': Permission denied
rm: cannot remove '/tmp/fm-control-relaunch.71AZDz/smdefault-15093/home/state/smp2.git-hooks/applypatch-msg': Permission denied
rm: cannot remove '/tmp/fm-control-relaunch.71AZDz/smdefault-15093/home/state/smp2.git-hooks/commit-msg': Permission denied
rm: cannot remove '/tmp/fm-control-relaunch.71AZDz/smexplicit-25702/home/state/sm4.git-hooks/post-rewrite': Permission denied
rm: cannot remove '/tmp/fm-control-relaunch.71AZDz/smexplicit-25702/home/state/sm4.git-hooks/pre-applypatch': Permission denied
rm: cannot remove '/tmp/fm-control-relaunch.71AZDz/smexplicit-25702/home/state/sm4.git-hooks/post-checkout': Permission denied
rm: cannot remove '/tmp/fm-control-relaunch.71AZDz/smexplicit-25702/home/state/sm4.git-hooks/pre-auto-gc': Permission denied
rm: cannot remove '/tmp/fm-control-relaunch.71AZDz/smexplicit-25702/home/state/sm4.git-hooks/pre-push': Permission denied
rm: cannot remove '/tmp/fm-control-relaunch.71AZDz/smexplicit-25702/home/state/sm4.git-hooks/post-applypatch': Permission denied
rm: cannot remove '/tmp/fm-control-relaunch.71AZDz/smexplicit-25702/home/state/sm4.git-hooks/sendemail-validate': Permission denied
rm: cannot remove '/tmp/fm-control-relaunch.71AZDz/smexplicit-25702/home/state/sm4.git-hooks/prepare-commit-msg': Permission denied
rm: cannot remove '/tmp/fm-control-relaunch.71AZDz/smexplicit-25702/home/state/sm4.git-hooks/post-merge': Permission denied
rm: cannot remove '/tmp/fm-control-relaunch.71AZDz/smexplicit-25702/home/state/sm4.git-hooks/pre-commit': Permission denied
rm: cannot remove '/tmp/fm-control-relaunch.71AZDz/smexplicit-25702/home/state/sm4.git-hooks/post-commit': Permission denied
rm: cannot remove '/tmp/fm-control-relaunch.71AZDz/smexplicit-25702/home/state/sm4.git-hooks/pre-rebase': Permission denied
rm: cannot remove '/tmp/fm-control-relaunch.71AZDz/smexplicit-25702/home/state/sm4.git-hooks/pre-merge-commit': Permission denied
rm: cannot remove '/tmp/fm-control-relaunch.71AZDz/smexplicit-25702/home/state/sm4.git-hooks/applypatch-msg': Permission denied
rm: cannot remove '/tmp/fm-control-relaunch.71AZDz/smexplicit-25702/home/state/sm4.git-hooks/commit-msg': Permission denied
