FM_TEST_BEGIN 2026-10-02T06:51:55Z tests/fm-control-relaunch.test.sh family=backend-dispatch expected_gate_skip=none
ok - fm-control relaunch: a full destination pool refuses before the old agent is touched
ok - fm-control relaunch: a same-pool replacement keeps exactly one counted seat
ok - fm-control relaunch: rollback releases an undelivered candidate and keeps a delivered one counted
ok - fm-control relaunch: a secondmate relaunch runs in one episode, honors its expected generation, and confirms its seat
ok - fm-control relaunch: a same-harness relaunch replaces the agent in the same endpoint and worktree
ok - fm-control relaunch: pending composer text refuses before the exit command is typed
ok - fm-control relaunch: an unreadable composer fails safe before the exit command is typed
ok - fm-control relaunch: a linked spawning home preserves committed and unfinished work in the recorded copy
ok - fm-control relaunch: durable task metadata survives replacement launch publication
tests/fm-control-relaunch.test.sh: line 511: /bin/sleep: No such file or directory
tests/fm-control-relaunch.test.sh: line 511: /bin/sleep: No such file or directory
tests/fm-control-relaunch.test.sh: line 511: /bin/sleep: No such file or directory
tests/fm-control-relaunch.test.sh: line 511: /bin/sleep: No such file or directory
tests/fm-control-relaunch.test.sh: line 511: /bin/sleep: No such file or directory
tests/fm-control-relaunch.test.sh: line 511: /bin/sleep: No such file or directory
tests/fm-control-relaunch.test.sh: line 511: /bin/sleep: No such file or directory
tests/fm-control-relaunch.test.sh: line 511: /bin/sleep: No such file or directory
tests/fm-control-relaunch.test.sh: line 511: /bin/sleep: No such file or directory
tests/fm-control-relaunch.test.sh: line 511: /bin/sleep: No such file or directory
tests/fm-control-relaunch.test.sh: line 511: /bin/sleep: No such file or directory
tests/fm-control-relaunch.test.sh: line 511: /bin/sleep: No such file or directory
tests/fm-control-relaunch.test.sh: line 511: /bin/sleep: No such file or directory
tests/fm-control-relaunch.test.sh: line 511: /bin/sleep: No such file or directory
tests/fm-control-relaunch.test.sh: line 511: /bin/sleep: No such file or directory
tests/fm-control-relaunch.test.sh: line 511: /bin/sleep: No such file or directory
tests/fm-control-relaunch.test.sh: line 511: /bin/sleep: No such file or directory
tests/fm-control-relaunch.test.sh: line 511: /bin/sleep: No such file or directory
tests/fm-control-relaunch.test.sh: line 511: /bin/sleep: No such file or directory
tests/fm-control-relaunch.test.sh: line 511: /bin/sleep: No such file or directory
tests/fm-control-relaunch.test.sh: line 511: /bin/sleep: No such file or directory
tests/fm-control-relaunch.test.sh: line 511: /bin/sleep: No such file or directory
tests/fm-control-relaunch.test.sh: line 511: /bin/sleep: No such file or directory
tests/fm-control-relaunch.test.sh: line 511: /bin/sleep: No such file or directory
tests/fm-control-relaunch.test.sh: line 511: /bin/sleep: No such file or directory
tests/fm-control-relaunch.test.sh: line 511: /bin/sleep: No such file or directory
tests/fm-control-relaunch.test.sh: line 511: /bin/sleep: No such file or directory
tests/fm-control-relaunch.test.sh: line 511: /bin/sleep: No such file or directory
tests/fm-control-relaunch.test.sh: line 511: /bin/sleep: No such file or directory
tests/fm-control-relaunch.test.sh: line 511: /bin/sleep: No such file or directory
tests/fm-control-relaunch.test.sh: line 511: /bin/sleep: No such file or directory
tests/fm-control-relaunch.test.sh: line 511: /bin/sleep: No such file or directory
tests/fm-control-relaunch.test.sh: line 511: /bin/sleep: No such file or directory
tests/fm-control-relaunch.test.sh: line 511: /bin/sleep: No such file or directory
tests/fm-control-relaunch.test.sh: line 511: /bin/sleep: No such file or directory
tests/fm-control-relaunch.test.sh: line 511: /bin/sleep: No such file or directory
tests/fm-control-relaunch.test.sh: line 511: /bin/sleep: No such file or directory
tests/fm-control-relaunch.test.sh: line 511: /bin/sleep: No such file or directory
tests/fm-control-relaunch.test.sh: line 511: /bin/sleep: No such file or directory
tests/fm-control-relaunch.test.sh: line 511: /bin/sleep: No such file or directory
tests/fm-control-relaunch.test.sh: line 511: /bin/sleep: No such file or directory
tests/fm-control-relaunch.test.sh: line 511: /bin/sleep: No such file or directory
tests/fm-control-relaunch.test.sh: line 511: /bin/sleep: No such file or directory
tests/fm-control-relaunch.test.sh: line 511: /bin/sleep: No such file or directory
tests/fm-control-relaunch.test.sh: line 511: /bin/sleep: No such file or directory
tests/fm-control-relaunch.test.sh: line 511: /bin/sleep: No such file or directory
tests/fm-control-relaunch.test.sh: line 511: /bin/sleep: No such file or directory
tests/fm-control-relaunch.test.sh: line 511: /bin/sleep: No such file or directory
tests/fm-control-relaunch.test.sh: line 511: /bin/sleep: No such file or directory
tests/fm-control-relaunch.test.sh: line 511: /bin/sleep: No such file or directory
tests/fm-control-relaunch.test.sh: line 511: /bin/sleep: No such file or directory
tests/fm-control-relaunch.test.sh: line 511: /bin/sleep: No such file or directory
tests/fm-control-relaunch.test.sh: line 511: /bin/sleep: No such file or directory
tests/fm-control-relaunch.test.sh: line 511: /bin/sleep: No such file or directory
tests/fm-control-relaunch.test.sh: line 511: /bin/sleep: No such file or directory
tests/fm-control-relaunch.test.sh: line 511: /bin/sleep: No such file or directory
tests/fm-control-relaunch.test.sh: line 511: /bin/sleep: No such file or directory
tests/fm-control-relaunch.test.sh: line 511: /bin/sleep: No such file or directory
tests/fm-control-relaunch.test.sh: line 511: /bin/sleep: No such file or directory
tests/fm-control-relaunch.test.sh: line 511: /bin/sleep: No such file or directory
tests/fm-control-relaunch.test.sh: line 511: /bin/sleep: No such file or directory
tests/fm-control-relaunch.test.sh: line 511: /bin/sleep: No such file or directory
tests/fm-control-relaunch.test.sh: line 511: /bin/sleep: No such file or directory
tests/fm-control-relaunch.test.sh: line 511: /bin/sleep: No such file or directory
tests/fm-control-relaunch.test.sh: line 511: /bin/sleep: No such file or directory
tests/fm-control-relaunch.test.sh: line 511: /bin/sleep: No such file or directory
tests/fm-control-relaunch.test.sh: line 511: /bin/sleep: No such file or directory
tests/fm-control-relaunch.test.sh: line 511: /bin/sleep: No such file or directory
tests/fm-control-relaunch.test.sh: line 511: /bin/sleep: No such file or directory
tests/fm-control-relaunch.test.sh: line 511: /bin/sleep: No such file or directory
tests/fm-control-relaunch.test.sh: line 511: /bin/sleep: No such file or directory
tests/fm-control-relaunch.test.sh: line 511: /bin/sleep: No such file or directory
tests/fm-control-relaunch.test.sh: line 511: /bin/sleep: No such file or directory
tests/fm-control-relaunch.test.sh: line 511: /bin/sleep: No such file or directory
tests/fm-control-relaunch.test.sh: line 511: /bin/sleep: No such file or directory
tests/fm-control-relaunch.test.sh: line 511: /bin/sleep: No such file or directory
tests/fm-control-relaunch.test.sh: line 511: /bin/sleep: No such file or directory
tests/fm-control-relaunch.test.sh: line 511: /bin/sleep: No such file or directory
tests/fm-control-relaunch.test.sh: line 511: /bin/sleep: No such file or directory
tests/fm-control-relaunch.test.sh: line 511: /bin/sleep: No such file or directory
tests/fm-control-relaunch.test.sh: line 511: /bin/sleep: No such file or directory
tests/fm-control-relaunch.test.sh: line 511: /bin/sleep: No such file or directory
tests/fm-control-relaunch.test.sh: line 511: /bin/sleep: No such file or directory
tests/fm-control-relaunch.test.sh: line 511: /bin/sleep: No such file or directory
tests/fm-control-relaunch.test.sh: line 511: /bin/sleep: No such file or directory
tests/fm-control-relaunch.test.sh: line 511: /bin/sleep: No such file or directory
tests/fm-control-relaunch.test.sh: line 511: /bin/sleep: No such file or directory
tests/fm-control-relaunch.test.sh: line 511: /bin/sleep: No such file or directory
tests/fm-control-relaunch.test.sh: line 511: /bin/sleep: No such file or directory
tests/fm-control-relaunch.test.sh: line 511: /bin/sleep: No such file or directory
tests/fm-control-relaunch.test.sh: line 511: /bin/sleep: No such file or directory
tests/fm-control-relaunch.test.sh: line 511: /bin/sleep: No such file or directory
tests/fm-control-relaunch.test.sh: line 511: /bin/sleep: No such file or directory
tests/fm-control-relaunch.test.sh: line 511: /bin/sleep: No such file or directory
tests/fm-control-relaunch.test.sh: line 511: /bin/sleep: No such file or directory
tests/fm-control-relaunch.test.sh: line 511: /bin/sleep: No such file or directory
tests/fm-control-relaunch.test.sh: line 511: /bin/sleep: No such file or directory
tests/fm-control-relaunch.test.sh: line 511: /bin/sleep: No such file or directory
tests/fm-control-relaunch.test.sh: line 511: /bin/sleep: No such file or directory
tests/fm-control-relaunch.test.sh: line 511: /bin/sleep: No such file or directory
tests/fm-control-relaunch.test.sh: line 511: /bin/sleep: No such file or directory
tests/fm-control-relaunch.test.sh: line 511: /bin/sleep: No such file or directory
tests/fm-control-relaunch.test.sh: line 511: /bin/sleep: No such file or directory
tests/fm-control-relaunch.test.sh: line 511: /bin/sleep: No such file or directory
tests/fm-control-relaunch.test.sh: line 511: /bin/sleep: No such file or directory
tests/fm-control-relaunch.test.sh: line 511: /bin/sleep: No such file or directory
tests/fm-control-relaunch.test.sh: line 511: /bin/sleep: No such file or directory
tests/fm-control-relaunch.test.sh: line 511: /bin/sleep: No such file or directory
tests/fm-control-relaunch.test.sh: line 511: /bin/sleep: No such file or directory
tests/fm-control-relaunch.test.sh: line 511: /bin/sleep: No such file or directory
tests/fm-control-relaunch.test.sh: line 511: /bin/sleep: No such file or directory
tests/fm-control-relaunch.test.sh: line 511: /bin/sleep: No such file or directory
tests/fm-control-relaunch.test.sh: line 511: /bin/sleep: No such file or directory
tests/fm-control-relaunch.test.sh: line 511: /bin/sleep: No such file or directory
tests/fm-control-relaunch.test.sh: line 511: /bin/sleep: No such file or directory
tests/fm-control-relaunch.test.sh: line 511: /bin/sleep: No such file or directory
tests/fm-control-relaunch.test.sh: line 511: /bin/sleep: No such file or directory
tests/fm-control-relaunch.test.sh: line 511: /bin/sleep: No such file or directory
tests/fm-control-relaunch.test.sh: line 511: /bin/sleep: No such file or directory
tests/fm-control-relaunch.test.sh: line 511: /bin/sleep: No such file or directory
tests/fm-control-relaunch.test.sh: line 511: /bin/sleep: No such file or directory
tests/fm-control-relaunch.test.sh: line 511: /bin/sleep: No such file or directory
tests/fm-control-relaunch.test.sh: line 511: /bin/sleep: No such file or directory
tests/fm-control-relaunch.test.sh: line 511: /bin/sleep: No such file or directory
tests/fm-control-relaunch.test.sh: line 511: /bin/sleep: No such file or directory
tests/fm-control-relaunch.test.sh: line 511: /bin/sleep: No such file or directory
tests/fm-control-relaunch.test.sh: line 511: /bin/sleep: No such file or directory
tests/fm-control-relaunch.test.sh: line 511: /bin/sleep: No such file or directory
tests/fm-control-relaunch.test.sh: line 511: /bin/sleep: No such file or directory
tests/fm-control-relaunch.test.sh: line 511: /bin/sleep: No such file or directory
tests/fm-control-relaunch.test.sh: line 511: /bin/sleep: No such file or directory
tests/fm-control-relaunch.test.sh: line 511: /bin/sleep: No such file or directory
tests/fm-control-relaunch.test.sh: line 511: /bin/sleep: No such file or directory
tests/fm-control-relaunch.test.sh: line 511: /bin/sleep: No such file or directory
tests/fm-control-relaunch.test.sh: line 511: /bin/sleep: No such file or directory
tests/fm-control-relaunch.test.sh: line 511: /bin/sleep: No such file or directory
tests/fm-control-relaunch.test.sh: line 511: /bin/sleep: No such file or directory
tests/fm-control-relaunch.test.sh: line 511: /bin/sleep: No such file or directory
tests/fm-control-relaunch.test.sh: line 511: /bin/sleep: No such file or directory
tests/fm-control-relaunch.test.sh: line 511: /bin/sleep: No such file or directory
tests/fm-control-relaunch.test.sh: line 511: /bin/sleep: No such file or directory
tests/fm-control-relaunch.test.sh: line 511: /bin/sleep: No such file or directory
tests/fm-control-relaunch.test.sh: line 511: /bin/sleep: No such file or directory
tests/fm-control-relaunch.test.sh: line 511: /bin/sleep: No such file or directory
tests/fm-control-relaunch.test.sh: line 511: /bin/sleep: No such file or directory
tests/fm-control-relaunch.test.sh: line 511: /bin/sleep: No such file or directory
tests/fm-control-relaunch.test.sh: line 511: /bin/sleep: No such file or directory
tests/fm-control-relaunch.test.sh: line 511: /bin/sleep: No such file or directory
tests/fm-control-relaunch.test.sh: line 511: /bin/sleep: No such file or directory
tests/fm-control-relaunch.test.sh: line 511: /bin/sleep: No such file or directory
tests/fm-control-relaunch.test.sh: line 511: /bin/sleep: No such file or directory
tests/fm-control-relaunch.test.sh: line 511: /bin/sleep: No such file or directory
tests/fm-control-relaunch.test.sh: line 511: /bin/sleep: No such file or directory
tests/fm-control-relaunch.test.sh: line 511: /bin/sleep: No such file or directory
tests/fm-control-relaunch.test.sh: line 511: /bin/sleep: No such file or directory
tests/fm-control-relaunch.test.sh: line 511: /bin/sleep: No such file or directory
tests/fm-control-relaunch.test.sh: line 511: /bin/sleep: No such file or directory
tests/fm-control-relaunch.test.sh: line 511: /bin/sleep: No such file or directory
tests/fm-control-relaunch.test.sh: line 511: /bin/sleep: No such file or directory
tests/fm-control-relaunch.test.sh: line 511: /bin/sleep: No such file or directory
tests/fm-control-relaunch.test.sh: line 511: /bin/sleep: No such file or directory
tests/fm-control-relaunch.test.sh: line 511: /bin/sleep: No such file or directory
tests/fm-control-relaunch.test.sh: line 511: /bin/sleep: No such file or directory
tests/fm-control-relaunch.test.sh: line 511: /bin/sleep: No such file or directory
tests/fm-control-relaunch.test.sh: line 511: /bin/sleep: No such file or directory
tests/fm-control-relaunch.test.sh: line 511: /bin/sleep: No such file or directory
tests/fm-control-relaunch.test.sh: line 511: /bin/sleep: No such file or directory
tests/fm-control-relaunch.test.sh: line 511: /bin/sleep: No such file or directory
tests/fm-control-relaunch.test.sh: line 511: /bin/sleep: No such file or directory
tests/fm-control-relaunch.test.sh: line 511: /bin/sleep: No such file or directory
tests/fm-control-relaunch.test.sh: line 511: /bin/sleep: No such file or directory
tests/fm-control-relaunch.test.sh: line 511: /bin/sleep: No such file or directory
tests/fm-control-relaunch.test.sh: line 511: /bin/sleep: No such file or directory
tests/fm-control-relaunch.test.sh: line 511: /bin/sleep: No such file or directory
tests/fm-control-relaunch.test.sh: line 511: /bin/sleep: No such file or directory
tests/fm-control-relaunch.test.sh: line 511: /bin/sleep: No such file or directory
tests/fm-control-relaunch.test.sh: line 511: /bin/sleep: No such file or directory
tests/fm-control-relaunch.test.sh: line 511: /bin/sleep: No such file or directory
tests/fm-control-relaunch.test.sh: line 511: /bin/sleep: No such file or directory
tests/fm-control-relaunch.test.sh: line 511: /bin/sleep: No such file or directory
tests/fm-control-relaunch.test.sh: line 511: /bin/sleep: No such file or directory
tests/fm-control-relaunch.test.sh: line 511: /bin/sleep: No such file or directory
tests/fm-control-relaunch.test.sh: line 511: /bin/sleep: No such file or directory
tests/fm-control-relaunch.test.sh: line 511: /bin/sleep: No such file or directory
tests/fm-control-relaunch.test.sh: line 511: /bin/sleep: No such file or directory
tests/fm-control-relaunch.test.sh: line 511: /bin/sleep: No such file or directory
tests/fm-control-relaunch.test.sh: line 511: /bin/sleep: No such file or directory
tests/fm-control-relaunch.test.sh: line 511: /bin/sleep: No such file or directory
tests/fm-control-relaunch.test.sh: line 511: /bin/sleep: No such file or directory
tests/fm-control-relaunch.test.sh: line 511: /bin/sleep: No such file or directory
tests/fm-control-relaunch.test.sh: line 511: /bin/sleep: No such file or directory
tests/fm-control-relaunch.test.sh: line 511: /bin/sleep: No such file or directory
tests/fm-control-relaunch.test.sh: line 511: /bin/sleep: No such file or directory
tests/fm-control-relaunch.test.sh: line 511: /bin/sleep: No such file or directory
tests/fm-control-relaunch.test.sh: line 511: /bin/sleep: No such file or directory
tests/fm-control-relaunch.test.sh: line 511: /bin/sleep: No such file or directory
tests/fm-control-relaunch.test.sh: line 511: /bin/sleep: No such file or directory
tests/fm-control-relaunch.test.sh: line 511: /bin/sleep: No such file or directory
tests/fm-control-relaunch.test.sh: line 511: /bin/sleep: No such file or directory
tests/fm-control-relaunch.test.sh: line 511: /bin/sleep: No such file or directory
tests/fm-control-relaunch.test.sh: line 511: /bin/sleep: No such file or directory
tests/fm-control-relaunch.test.sh: line 511: /bin/sleep: No such file or directory
tests/fm-control-relaunch.test.sh: line 511: /bin/sleep: No such file or directory
tests/fm-control-relaunch.test.sh: line 511: /bin/sleep: No such file or directory
tests/fm-control-relaunch.test.sh: line 511: /bin/sleep: No such file or directory
tests/fm-control-relaunch.test.sh: line 511: /bin/sleep: No such file or directory
tests/fm-control-relaunch.test.sh: line 511: /bin/sleep: No such file or directory
tests/fm-control-relaunch.test.sh: line 511: /bin/sleep: No such file or directory
tests/fm-control-relaunch.test.sh: line 511: /bin/sleep: No such file or directory
tests/fm-control-relaunch.test.sh: line 511: /bin/sleep: No such file or directory
tests/fm-control-relaunch.test.sh: line 511: /bin/sleep: No such file or directory
tests/fm-control-relaunch.test.sh: line 511: /bin/sleep: No such file or directory
tests/fm-control-relaunch.test.sh: line 511: /bin/sleep: No such file or directory
tests/fm-control-relaunch.test.sh: line 511: /bin/sleep: No such file or directory
tests/fm-control-relaunch.test.sh: line 511: /bin/sleep: No such file or directory
tests/fm-control-relaunch.test.sh: line 511: /bin/sleep: No such file or directory
tests/fm-control-relaunch.test.sh: line 511: /bin/sleep: No such file or directory
tests/fm-control-relaunch.test.sh: line 511: /bin/sleep: No such file or directory
tests/fm-control-relaunch.test.sh: line 511: /bin/sleep: No such file or directory
tests/fm-control-relaunch.test.sh: line 511: /bin/sleep: No such file or directory
tests/fm-control-relaunch.test.sh: line 511: /bin/sleep: No such file or directory
tests/fm-control-relaunch.test.sh: line 511: /bin/sleep: No such file or directory
tests/fm-control-relaunch.test.sh: line 511: /bin/sleep: No such file or directory
tests/fm-control-relaunch.test.sh: line 511: /bin/sleep: No such file or directory
tests/fm-control-relaunch.test.sh: line 511: /bin/sleep: No such file or directory
tests/fm-control-relaunch.test.sh: line 511: /bin/sleep: No such file or directory
tests/fm-control-relaunch.test.sh: line 511: /bin/sleep: No such file or directory
tests/fm-control-relaunch.test.sh: line 511: /bin/sleep: No such file or directory
tests/fm-control-relaunch.test.sh: line 511: /bin/sleep: No such file or directory
tests/fm-control-relaunch.test.sh: line 511: /bin/sleep: No such file or directory
tests/fm-control-relaunch.test.sh: line 511: /bin/sleep: No such file or directory
tests/fm-control-relaunch.test.sh: line 511: /bin/sleep: No such file or directory
tests/fm-control-relaunch.test.sh: line 511: /bin/sleep: No such file or directory
tests/fm-control-relaunch.test.sh: line 511: /bin/sleep: No such file or directory
tests/fm-control-relaunch.test.sh: line 511: /bin/sleep: No such file or directory
tests/fm-control-relaunch.test.sh: line 511: /bin/sleep: No such file or directory
tests/fm-control-relaunch.test.sh: line 511: /bin/sleep: No such file or directory
tests/fm-control-relaunch.test.sh: line 511: /bin/sleep: No such file or directory
tests/fm-control-relaunch.test.sh: line 511: /bin/sleep: No such file or directory
tests/fm-control-relaunch.test.sh: line 511: /bin/sleep: No such file or directory
tests/fm-control-relaunch.test.sh: line 511: /bin/sleep: No such file or directory
tests/fm-control-relaunch.test.sh: line 511: /bin/sleep: No such file or directory
tests/fm-control-relaunch.test.sh: line 511: /bin/sleep: No such file or directory
tests/fm-control-relaunch.test.sh: line 511: /bin/sleep: No such file or directory
tests/fm-control-relaunch.test.sh: line 511: /bin/sleep: No such file or directory
tests/fm-control-relaunch.test.sh: line 511: /bin/sleep: No such file or directory
tests/fm-control-relaunch.test.sh: line 511: /bin/sleep: No such file or directory
tests/fm-control-relaunch.test.sh: line 511: /bin/sleep: No such file or directory
tests/fm-control-relaunch.test.sh: line 511: /bin/sleep: No such file or directory
tests/fm-control-relaunch.test.sh: line 511: /bin/sleep: No such file or directory
tests/fm-control-relaunch.test.sh: line 511: /bin/sleep: No such file or directory
tests/fm-control-relaunch.test.sh: line 511: /bin/sleep: No such file or directory
tests/fm-control-relaunch.test.sh: line 511: /bin/sleep: No such file or directory
tests/fm-control-relaunch.test.sh: line 511: /bin/sleep: No such file or directory
tests/fm-control-relaunch.test.sh: line 511: /bin/sleep: No such file or directory
tests/fm-control-relaunch.test.sh: line 511: /bin/sleep: No such file or directory
tests/fm-control-relaunch.test.sh: line 511: /bin/sleep: No such file or directory
tests/fm-control-relaunch.test.sh: line 511: /bin/sleep: No such file or directory
tests/fm-control-relaunch.test.sh: line 511: /bin/sleep: No such file or directory
tests/fm-control-relaunch.test.sh: line 511: /bin/sleep: No such file or directory
tests/fm-control-relaunch.test.sh: line 511: /bin/sleep: No such file or directory
tests/fm-control-relaunch.test.sh: line 511: /bin/sleep: No such file or directory
tests/fm-control-relaunch.test.sh: line 511: /bin/sleep: No such file or directory
tests/fm-control-relaunch.test.sh: line 511: /bin/sleep: No such file or directory
tests/fm-control-relaunch.test.sh: line 511: /bin/sleep: No such file or directory
tests/fm-control-relaunch.test.sh: line 511: /bin/sleep: No such file or directory
tests/fm-control-relaunch.test.sh: line 511: /bin/sleep: No such file or directory
tests/fm-control-relaunch.test.sh: line 511: /bin/sleep: No such file or directory
tests/fm-control-relaunch.test.sh: line 511: /bin/sleep: No such file or directory
tests/fm-control-relaunch.test.sh: line 511: /bin/sleep: No such file or directory
tests/fm-control-relaunch.test.sh: line 511: /bin/sleep: No such file or directory
tests/fm-control-relaunch.test.sh: line 511: /bin/sleep: No such file or directory
tests/fm-control-relaunch.test.sh: line 511: /bin/sleep: No such file or directory
tests/fm-control-relaunch.test.sh: line 511: /bin/sleep: No such file or directory
tests/fm-control-relaunch.test.sh: line 511: /bin/sleep: No such file or directory
tests/fm-control-relaunch.test.sh: line 511: /bin/sleep: No such file or directory
tests/fm-control-relaunch.test.sh: line 511: /bin/sleep: No such file or directory
tests/fm-control-relaunch.test.sh: line 511: /bin/sleep: No such file or directory
tests/fm-control-relaunch.test.sh: line 511: /bin/sleep: No such file or directory
tests/fm-control-relaunch.test.sh: line 511: /bin/sleep: No such file or directory
tests/fm-control-relaunch.test.sh: line 511: /bin/sleep: No such file or directory
tests/fm-control-relaunch.test.sh: line 511: /bin/sleep: No such file or directory
tests/fm-control-relaunch.test.sh: line 511: /bin/sleep: No such file or directory
tests/fm-control-relaunch.test.sh: line 511: /bin/sleep: No such file or directory
tests/fm-control-relaunch.test.sh: line 511: /bin/sleep: No such file or directory
tests/fm-control-relaunch.test.sh: line 511: /bin/sleep: No such file or directory
tests/fm-control-relaunch.test.sh: line 511: /bin/sleep: No such file or directory
tests/fm-control-relaunch.test.sh: line 511: /bin/sleep: No such file or directory
tests/fm-control-relaunch.test.sh: line 511: /bin/sleep: No such file or directory
tests/fm-control-relaunch.test.sh: line 511: /bin/sleep: No such file or directory
tests/fm-control-relaunch.test.sh: line 511: /bin/sleep: No such file or directory
tests/fm-control-relaunch.test.sh: line 511: /bin/sleep: No such file or directory
tests/fm-control-relaunch.test.sh: line 511: /bin/sleep: No such file or directory
tests/fm-control-relaunch.test.sh: line 511: /bin/sleep: No such file or directory
tests/fm-control-relaunch.test.sh: line 511: /bin/sleep: No such file or directory
tests/fm-control-relaunch.test.sh: line 511: /bin/sleep: No such file or directory
tests/fm-control-relaunch.test.sh: line 511: /bin/sleep: No such file or directory
tests/fm-control-relaunch.test.sh: line 511: /bin/sleep: No such file or directory
tests/fm-control-relaunch.test.sh: line 511: /bin/sleep: No such file or directory
tests/fm-control-relaunch.test.sh: line 511: /bin/sleep: No such file or directory
tests/fm-control-relaunch.test.sh: line 511: /bin/sleep: No such file or directory
tests/fm-control-relaunch.test.sh: line 511: /bin/sleep: No such file or directory
tests/fm-control-relaunch.test.sh: line 511: /bin/sleep: No such file or directory
tests/fm-control-relaunch.test.sh: line 511: /bin/sleep: No such file or directory
tests/fm-control-relaunch.test.sh: line 511: /bin/sleep: No such file or directory
tests/fm-control-relaunch.test.sh: line 511: /bin/sleep: No such file or directory
tests/fm-control-relaunch.test.sh: line 511: /bin/sleep: No such file or directory
tests/fm-control-relaunch.test.sh: line 511: /bin/sleep: No such file or directory
tests/fm-control-relaunch.test.sh: line 511: /bin/sleep: No such file or directory
tests/fm-control-relaunch.test.sh: line 511: /bin/sleep: No such file or directory
tests/fm-control-relaunch.test.sh: line 511: /bin/sleep: No such file or directory
tests/fm-control-relaunch.test.sh: line 511: /bin/sleep: No such file or directory
tests/fm-control-relaunch.test.sh: line 511: /bin/sleep: No such file or directory
tests/fm-control-relaunch.test.sh: line 511: /bin/sleep: No such file or directory
tests/fm-control-relaunch.test.sh: line 511: /bin/sleep: No such file or directory
tests/fm-control-relaunch.test.sh: line 511: /bin/sleep: No such file or directory
tests/fm-control-relaunch.test.sh: line 511: /bin/sleep: No such file or directory
tests/fm-control-relaunch.test.sh: line 511: /bin/sleep: No such file or directory
tests/fm-control-relaunch.test.sh: line 511: /bin/sleep: No such file or directory
tests/fm-control-relaunch.test.sh: line 511: /bin/sleep: No such file or directory
tests/fm-control-relaunch.test.sh: line 511: /bin/sleep: No such file or directory
tests/fm-control-relaunch.test.sh: line 511: /bin/sleep: No such file or directory
tests/fm-control-relaunch.test.sh: line 511: /bin/sleep: No such file or directory
tests/fm-control-relaunch.test.sh: line 511: /bin/sleep: No such file or directory
tests/fm-control-relaunch.test.sh: line 511: /bin/sleep: No such file or directory
tests/fm-control-relaunch.test.sh: line 511: /bin/sleep: No such file or directory
tests/fm-control-relaunch.test.sh: line 511: /bin/sleep: No such file or directory
tests/fm-control-relaunch.test.sh: line 511: /bin/sleep: No such file or directory
tests/fm-control-relaunch.test.sh: line 511: /bin/sleep: No such file or directory
tests/fm-control-relaunch.test.sh: line 511: /bin/sleep: No such file or directory
tests/fm-control-relaunch.test.sh: line 511: /bin/sleep: No such file or directory
tests/fm-control-relaunch.test.sh: line 511: /bin/sleep: No such file or directory
tests/fm-control-relaunch.test.sh: line 511: /bin/sleep: No such file or directory
tests/fm-control-relaunch.test.sh: line 511: /bin/sleep: No such file or directory
tests/fm-control-relaunch.test.sh: line 511: /bin/sleep: No such file or directory
tests/fm-control-relaunch.test.sh: line 511: /bin/sleep: No such file or directory
tests/fm-control-relaunch.test.sh: line 511: /bin/sleep: No such file or directory
tests/fm-control-relaunch.test.sh: line 511: /bin/sleep: No such file or directory
tests/fm-control-relaunch.test.sh: line 511: /bin/sleep: No such file or directory
tests/fm-control-relaunch.test.sh: line 511: /bin/sleep: No such file or directory
tests/fm-control-relaunch.test.sh: line 511: /bin/sleep: No such file or directory
tests/fm-control-relaunch.test.sh: line 511: /bin/sleep: No such file or directory
tests/fm-control-relaunch.test.sh: line 511: /bin/sleep: No such file or directory
tests/fm-control-relaunch.test.sh: line 511: /bin/sleep: No such file or directory
tests/fm-control-relaunch.test.sh: line 511: /bin/sleep: No such file or directory
tests/fm-control-relaunch.test.sh: line 511: /bin/sleep: No such file or directory
tests/fm-control-relaunch.test.sh: line 511: /bin/sleep: No such file or directory
tests/fm-control-relaunch.test.sh: line 511: /bin/sleep: No such file or directory
tests/fm-control-relaunch.test.sh: line 511: /bin/sleep: No such file or directory
tests/fm-control-relaunch.test.sh: line 511: /bin/sleep: No such file or directory
tests/fm-control-relaunch.test.sh: line 511: /bin/sleep: No such file or directory
tests/fm-control-relaunch.test.sh: line 511: /bin/sleep: No such file or directory
tests/fm-control-relaunch.test.sh: line 511: /bin/sleep: No such file or directory
tests/fm-control-relaunch.test.sh: line 511: /bin/sleep: No such file or directory
tests/fm-control-relaunch.test.sh: line 511: /bin/sleep: No such file or directory
tests/fm-control-relaunch.test.sh: line 511: /bin/sleep: No such file or directory
tests/fm-control-relaunch.test.sh: line 511: /bin/sleep: No such file or directory
tests/fm-control-relaunch.test.sh: line 511: /bin/sleep: No such file or directory
tests/fm-control-relaunch.test.sh: line 511: /bin/sleep: No such file or directory
tests/fm-control-relaunch.test.sh: line 511: /bin/sleep: No such file or directory
tests/fm-control-relaunch.test.sh: line 511: /bin/sleep: No such file or directory
tests/fm-control-relaunch.test.sh: line 511: /bin/sleep: No such file or directory
tests/fm-control-relaunch.test.sh: line 511: /bin/sleep: No such file or directory
tests/fm-control-relaunch.test.sh: line 511: /bin/sleep: No such file or directory
tests/fm-control-relaunch.test.sh: line 511: /bin/sleep: No such file or directory
tests/fm-control-relaunch.test.sh: line 511: /bin/sleep: No such file or directory
tests/fm-control-relaunch.test.sh: line 511: /bin/sleep: No such file or directory
tests/fm-control-relaunch.test.sh: line 511: /bin/sleep: No such file or directory
tests/fm-control-relaunch.test.sh: line 511: /bin/sleep: No such file or directory
tests/fm-control-relaunch.test.sh: line 511: /bin/sleep: No such file or directory
tests/fm-control-relaunch.test.sh: line 511: /bin/sleep: No such file or directory
tests/fm-control-relaunch.test.sh: line 511: /bin/sleep: No such file or directory
tests/fm-control-relaunch.test.sh: line 511: /bin/sleep: No such file or directory
tests/fm-control-relaunch.test.sh: line 511: /bin/sleep: No such file or directory
tests/fm-control-relaunch.test.sh: line 511: /bin/sleep: No such file or directory
tests/fm-control-relaunch.test.sh: line 511: /bin/sleep: No such file or directory
tests/fm-control-relaunch.test.sh: line 511: /bin/sleep: No such file or directory
tests/fm-control-relaunch.test.sh: line 511: /bin/sleep: No such file or directory
tests/fm-control-relaunch.test.sh: line 511: /bin/sleep: No such file or directory
tests/fm-control-relaunch.test.sh: line 511: /bin/sleep: No such file or directory
tests/fm-control-relaunch.test.sh: line 511: /bin/sleep: No such file or directory
tests/fm-control-relaunch.test.sh: line 511: /bin/sleep: No such file or directory
tests/fm-control-relaunch.test.sh: line 511: /bin/sleep: No such file or directory
tests/fm-control-relaunch.test.sh: line 511: /bin/sleep: No such file or directory
tests/fm-control-relaunch.test.sh: line 511: /bin/sleep: No such file or directory
tests/fm-control-relaunch.test.sh: line 511: /bin/sleep: No such file or directory
tests/fm-control-relaunch.test.sh: line 511: /bin/sleep: No such file or directory
tests/fm-control-relaunch.test.sh: line 511: /bin/sleep: No such file or directory
tests/fm-control-relaunch.test.sh: line 511: /bin/sleep: No such file or directory
tests/fm-control-relaunch.test.sh: line 511: /bin/sleep: No such file or directory
tests/fm-control-relaunch.test.sh: line 511: /bin/sleep: No such file or directory
tests/fm-control-relaunch.test.sh: line 511: /bin/sleep: No such file or directory
tests/fm-control-relaunch.test.sh: line 511: /bin/sleep: No such file or directory
tests/fm-control-relaunch.test.sh: line 511: /bin/sleep: No such file or directory
tests/fm-control-relaunch.test.sh: line 511: /bin/sleep: No such file or directory
tests/fm-control-relaunch.test.sh: line 511: /bin/sleep: No such file or directory
tests/fm-control-relaunch.test.sh: line 511: /bin/sleep: No such file or directory
tests/fm-control-relaunch.test.sh: line 511: /bin/sleep: No such file or directory
tests/fm-control-relaunch.test.sh: line 511: /bin/sleep: No such file or directory
tests/fm-control-relaunch.test.sh: line 511: /bin/sleep: No such file or directory
tests/fm-control-relaunch.test.sh: line 511: /bin/sleep: No such file or directory
tests/fm-control-relaunch.test.sh: line 511: /bin/sleep: No such file or directory
tests/fm-control-relaunch.test.sh: line 511: /bin/sleep: No such file or directory
tests/fm-control-relaunch.test.sh: line 511: /bin/sleep: No such file or directory
tests/fm-control-relaunch.test.sh: line 511: /bin/sleep: No such file or directory
tests/fm-control-relaunch.test.sh: line 511: /bin/sleep: No such file or directory
tests/fm-control-relaunch.test.sh: line 511: /bin/sleep: No such file or directory
tests/fm-control-relaunch.test.sh: line 511: /bin/sleep: No such file or directory
tests/fm-control-relaunch.test.sh: line 511: /bin/sleep: No such file or directory
tests/fm-control-relaunch.test.sh: line 511: /bin/sleep: No such file or directory
tests/fm-control-relaunch.test.sh: line 511: /bin/sleep: No such file or directory
tests/fm-control-relaunch.test.sh: line 511: /bin/sleep: No such file or directory
tests/fm-control-relaunch.test.sh: line 511: /bin/sleep: No such file or directory
tests/fm-control-relaunch.test.sh: line 511: /bin/sleep: No such file or directory
tests/fm-control-relaunch.test.sh: line 511: /bin/sleep: No such file or directory
tests/fm-control-relaunch.test.sh: line 511: /bin/sleep: No such file or directory
tests/fm-control-relaunch.test.sh: line 511: /bin/sleep: No such file or directory
tests/fm-control-relaunch.test.sh: line 511: /bin/sleep: No such file or directory
tests/fm-control-relaunch.test.sh: line 511: /bin/sleep: No such file or directory
tests/fm-control-relaunch.test.sh: line 511: /bin/sleep: No such file or directory
tests/fm-control-relaunch.test.sh: line 511: /bin/sleep: No such file or directory
tests/fm-control-relaunch.test.sh: line 511: /bin/sleep: No such file or directory
tests/fm-control-relaunch.test.sh: line 511: /bin/sleep: No such file or directory
tests/fm-control-relaunch.test.sh: line 511: /bin/sleep: No such file or directory
tests/fm-control-relaunch.test.sh: line 511: /bin/sleep: No such file or directory
tests/fm-control-relaunch.test.sh: line 511: /bin/sleep: No such file or directory
tests/fm-control-relaunch.test.sh: line 511: /bin/sleep: No such file or directory
tests/fm-control-relaunch.test.sh: line 511: /bin/sleep: No such file or directory
tests/fm-control-relaunch.test.sh: line 511: /bin/sleep: No such file or directory
tests/fm-control-relaunch.test.sh: line 511: /bin/sleep: No such file or directory
tests/fm-control-relaunch.test.sh: line 511: /bin/sleep: No such file or directory
tests/fm-control-relaunch.test.sh: line 511: /bin/sleep: No such file or directory
tests/fm-control-relaunch.test.sh: line 511: /bin/sleep: No such file or directory
tests/fm-control-relaunch.test.sh: line 511: /bin/sleep: No such file or directory
tests/fm-control-relaunch.test.sh: line 511: /bin/sleep: No such file or directory
tests/fm-control-relaunch.test.sh: line 511: /bin/sleep: No such file or directory
tests/fm-control-relaunch.test.sh: line 511: /bin/sleep: No such file or directory
tests/fm-control-relaunch.test.sh: line 511: /bin/sleep: No such file or directory
tests/fm-control-relaunch.test.sh: line 511: /bin/sleep: No such file or directory
tests/fm-control-relaunch.test.sh: line 511: /bin/sleep: No such file or directory
tests/fm-control-relaunch.test.sh: line 511: /bin/sleep: No such file or directory
tests/fm-control-relaunch.test.sh: line 511: /bin/sleep: No such file or directory
tests/fm-control-relaunch.test.sh: line 511: /bin/sleep: No such file or directory
tests/fm-control-relaunch.test.sh: line 511: /bin/sleep: No such file or directory
tests/fm-control-relaunch.test.sh: line 511: /bin/sleep: No such file or directory
tests/fm-control-relaunch.test.sh: line 511: /bin/sleep: No such file or directory
tests/fm-control-relaunch.test.sh: line 511: /bin/sleep: No such file or directory
tests/fm-control-relaunch.test.sh: line 511: /bin/sleep: No such file or directory
tests/fm-control-relaunch.test.sh: line 511: /bin/sleep: No such file or directory
tests/fm-control-relaunch.test.sh: line 511: /bin/sleep: No such file or directory
tests/fm-control-relaunch.test.sh: line 511: /bin/sleep: No such file or directory
tests/fm-control-relaunch.test.sh: line 511: /bin/sleep: No such file or directory
tests/fm-control-relaunch.test.sh: line 511: /bin/sleep: No such file or directory
tests/fm-control-relaunch.test.sh: line 511: /bin/sleep: No such file or directory
tests/fm-control-relaunch.test.sh: line 511: /bin/sleep: No such file or directory
tests/fm-control-relaunch.test.sh: line 511: /bin/sleep: No such file or directory
tests/fm-control-relaunch.test.sh: line 511: /bin/sleep: No such file or directory
tests/fm-control-relaunch.test.sh: line 511: /bin/sleep: No such file or directory
tests/fm-control-relaunch.test.sh: line 511: /bin/sleep: No such file or directory
tests/fm-control-relaunch.test.sh: line 511: /bin/sleep: No such file or directory
tests/fm-control-relaunch.test.sh: line 511: /bin/sleep: No such file or directory
tests/fm-control-relaunch.test.sh: line 511: /bin/sleep: No such file or directory
tests/fm-control-relaunch.test.sh: line 511: /bin/sleep: No such file or directory
tests/fm-control-relaunch.test.sh: line 511: /bin/sleep: No such file or directory
tests/fm-control-relaunch.test.sh: line 511: /bin/sleep: No such file or directory
tests/fm-control-relaunch.test.sh: line 511: /bin/sleep: No such file or directory
tests/fm-control-relaunch.test.sh: line 511: /bin/sleep: No such file or directory
tests/fm-control-relaunch.test.sh: line 511: /bin/sleep: No such file or directory
tests/fm-control-relaunch.test.sh: line 511: /bin/sleep: No such file or directory
tests/fm-control-relaunch.test.sh: line 511: /bin/sleep: No such file or directory
tests/fm-control-relaunch.test.sh: line 511: /bin/sleep: No such file or directory
tests/fm-control-relaunch.test.sh: line 511: /bin/sleep: No such file or directory
tests/fm-control-relaunch.test.sh: line 511: /bin/sleep: No such file or directory
tests/fm-control-relaunch.test.sh: line 511: /bin/sleep: No such file or directory
tests/fm-control-relaunch.test.sh: line 511: /bin/sleep: No such file or directory
tests/fm-control-relaunch.test.sh: line 511: /bin/sleep: No such file or directory
tests/fm-control-relaunch.test.sh: line 511: /bin/sleep: No such file or directory
tests/fm-control-relaunch.test.sh: line 511: /bin/sleep: No such file or directory
tests/fm-control-relaunch.test.sh: line 511: /bin/sleep: No such file or directory
tests/fm-control-relaunch.test.sh: line 511: /bin/sleep: No such file or directory
tests/fm-control-relaunch.test.sh: line 511: /bin/sleep: No such file or directory
tests/fm-control-relaunch.test.sh: line 511: /bin/sleep: No such file or directory
tests/fm-control-relaunch.test.sh: line 511: /bin/sleep: No such file or directory
tests/fm-control-relaunch.test.sh: line 511: /bin/sleep: No such file or directory
tests/fm-control-relaunch.test.sh: line 511: /bin/sleep: No such file or directory
tests/fm-control-relaunch.test.sh: line 511: /bin/sleep: No such file or directory
tests/fm-control-relaunch.test.sh: line 511: /bin/sleep: No such file or directory
tests/fm-control-relaunch.test.sh: line 511: /bin/sleep: No such file or directory
tests/fm-control-relaunch.test.sh: line 511: /bin/sleep: No such file or directory
tests/fm-control-relaunch.test.sh: line 511: /bin/sleep: No such file or directory
tests/fm-control-relaunch.test.sh: line 511: /bin/sleep: No such file or directory
tests/fm-control-relaunch.test.sh: line 511: /bin/sleep: No such file or directory
tests/fm-control-relaunch.test.sh: line 511: /bin/sleep: No such file or directory
tests/fm-control-relaunch.test.sh: line 511: /bin/sleep: No such file or directory
tests/fm-control-relaunch.test.sh: line 511: /bin/sleep: No such file or directory
tests/fm-control-relaunch.test.sh: line 511: /bin/sleep: No such file or directory
tests/fm-control-relaunch.test.sh: line 511: /bin/sleep: No such file or directory
tests/fm-control-relaunch.test.sh: line 511: /bin/sleep: No such file or directory
tests/fm-control-relaunch.test.sh: line 511: /bin/sleep: No such file or directory
tests/fm-control-relaunch.test.sh: line 511: /bin/sleep: No such file or directory
not ok - relaunch did not reach trace delivery
FM_TEST_END 2026-10-02T06:52:43Z tests/fm-control-relaunch.test.sh exit=1 duration_ms=47730 gate_skip=false
FM_TEST_SUMMARY total=1 failed=1 skipped_gate=0 duration_ms=47775
FM_TEST_SUMMARY_FAMILY family=backend-dispatch count=1 duration_ms=47730 failed=1
FM_TEST_SLOWEST rank=1 script=tests/fm-control-relaunch.test.sh duration_ms=47730
fm-test-run: wrote timing artifact: /home/art/.no-mistakes/evidence/01M3XNDH7V995J96HA86TEWX4D/control-retry-timing.json
