FM_TEST_BEGIN 2026-10-08T19:00:13Z tests/fm-startup-network.test.sh family=session-bootstrap expected_gate_skip=none
ok - fm-startup-network: wait fails when no deferred stage publishes before its deadline
ok - fm-startup-network: start returns immediately and never holds the caller's stdout open
ok - fm-startup-network: exactly one of the digest and the wake reports each actionable result
ok - fm-startup-network: a claimant crash after publication still surfaces the result
ok - fm-startup-network: failed publication retains findings and wakes only after recovery
ok - fm-startup-network: silent and explicitly informational successes never queue a main-blocking wake
ok - fm-startup-network: an actionable state=done report still queues a wake
ok - fm-startup-network: deferred invalid secondmate markers produce durable wakes
ok - fm-startup-network: manual callers cannot forge mutation authority
ok - fm-startup-network: an aggregate bound turns a wedged sweep into an actionable line
ok - fm-startup-network: an abandoned run reports as needing a rerun, never as in progress forever
ok - fm-startup-network: locked requests supersede in-flight probe-only workers
ok - fm-startup-network: a second start never launches a competing worker
ok - fm-startup-network: start atomically reserves the generation harvest observes
ok - fm-startup-network: a new lock owner gets a distinct worker generation
ok - fm-startup-network: fleet-lock takeover cannot overlap a mutating sweep
ok - fm-startup-network: timing records share one origin so their offsets form a timeline
ok - fm-startup-network: timings are durable and printed only on demand
not ok - a timed-out run discarded the partial timings its sweeps had already recorded (missing: 'secondmate-liveness mate-a@host-one')
--- output ---
completed off the startup path in 3s: GitHub authentication, dead-secondmate relaunch, secondmate convergence, pending handoff delivery, project clone refresh with its drift reporting, and inactive terminal-outcome reconciliation.
The stage itself did not finish cleanly (timeout) - the NETWORK_CHECKS line below names what to rerun.
NETWORK_CHECKS: hit the 1s bound before finishing, so GitHub authentication, dead-secondmate relaunch, secondmate convergence, pending handoff delivery, project clone refresh with its drift reporting, and inactive terminal-outcome reconciliation may be incomplete; rerun /Users/kesslerio/.no-mistakes/worktrees/8036f35f7c08/01M4E63C3Z7SP0Z1415AH2WBNA/.test-startup-network/tmp/fm-startup-network-tests.NPPe2V/timings-partial/root/bin/fm-startup-network.sh run --locked 1
These ran AFTER the sections above were composed, so re-read any record a line here names.
TIMINGS - where the deferred network checks spent their time (ms):
  stage       network-checks probe_sweeps                start=+1000    elapsed=2000
  slowest: stage network-checks probe_sweeps 2000ms
FM_TEST_END 2026-10-08T19:02:28Z tests/fm-startup-network.test.sh exit=1 duration_ms=134972 gate_skip=false
FM_TEST_SUMMARY total=1 failed=1 skipped_gate=0 duration_ms=135114
FM_TEST_SUMMARY_FAMILY family=session-bootstrap count=1 duration_ms=134972 failed=1
FM_TEST_SLOWEST rank=1 script=tests/fm-startup-network.test.sh duration_ms=134972
