{
  "schema": "fm-bearings.v1",
  "home": "01M4CK3M44RTV3MR0ZCWQ01TRK/.contribution-live-jc987gsl",
  "generated": "2026-10-08T01:50:02Z",
  "prs": "not_requested (run: /bearings include PRs)",
  "contributions": {
    "scope": "owned contributions per home",
    "known": 400,
    "checked": 0,
    "counts": {
      "captain": 0,
      "fleet": 400,
      "maintainer": 0,
      "nobody": 0
    },
    "complete": false,
    "proven_clear": false,
    "unmeasured_homes": 0,
    "unreadable_records": 0,
    "unmeasured": 0,
    "stale_verdicts": 0,
    "missing_verdicts": 0,
    "captain_omitted": 0,
    "captain": []
  },
  "in_flight": [
    {
      "id": "sample",
      "kind": "ship",
      "state": "unknown",
      "repo": "",
      "name": "sample",
      "doing": "worktree gone (torn down?)"
    }
  ],
  "secondmates": [],
  "secondmate_reconcile": [],
  "decisions_open": [],
  "landed": [],
  "gates": [
    {
      "id": "task-0000",
      "title": "Contribution café 0",
      "blocked_by": "-",
      "reason": "-",
      "owner": "(main)",
      "filed": null
    },
    {
      "id": "task-0001",
      "title": "Contribution café 1",
      "blocked_by": "-",
      "reason": "-",
      "owner": "(main)",
      "filed": null
    },
    {
      "id": "task-0002",
      "title": "Contribution café 2",
      "blocked_by": "-",
      "reason": "-",
      "owner": "(main)",
      "filed": null
    },
    {
      "id": "task-0003",
      "title": "Contribution café 3",
      "blocked_by": "-",
      "reason": "-",
      "owner": "(main)",
      "filed": null
    },
    {
      "id": "task-0004",
      "title": "Contribution café 4",
      "blocked_by": "-",
      "reason": "-",
      "owner": "(main)",
      "filed": null
    },
    {
      "id": "task-0005",
      "title": "Contribution café 5",
      "blocked_by": "-",
      "reason": "-",
      "owner": "(main)",
      "filed": null
    },
    {
      "id": "task-0006",
      "title": "Contribution café 6",
      "blocked_by": "-",
      "reason": "-",
      "owner": "(main)",
      "filed": null
    },
    {
      "id": "task-0007",
      "title": "Contribution café 7",
      "blocked_by": "-",
      "reason": "-",
      "owner": "(main)",
      "filed": null
    },
    {
      "id": "task-0008",
      "title": "Contribution café 8",
      "blocked_by": "-",
      "reason": "-",
      "owner": "(main)",
      "filed": null
    },
    {
      "id": "task-0009",
      "title": "Contribution café 9",
      "blocked_by": "-",
      "reason": "-",
      "owner": "(main)",
      "filed": null
    },
    {
      "id": "task-0010",
      "title": "Contribution café 10",
      "blocked_by": "-",
      "reason": "-",
      "owner": "(main)",
      "filed": null
    },
    {
      "id": "task-0011",
      "title": "Contribution café 11",
      "blocked_by": "-",
      "reason": "-",
      "owner": "(main)",
      "filed": null
    },
    {
      "id": "task-0012",
      "title": "Contribution café 12",
      "blocked_by": "-",
      "reason": "-",
      "owner": "(main)",
      "filed": null
    },
    {
      "id": "task-0013",
      "title": "Contribution café 13",
      "blocked_by": "-",
      "reason": "-",
      "owner": "(main)",
      "filed": null
    },
    {
      "id": "task-0014",
      "title": "Contribution café 14",
      "blocked_by": "-",
      "reason": "-",
      "owner": "(main)",
      "filed": null
    },
    {
      "id": "task-0015",
      "title": "Contribution café 15",
      "blocked_by": "-",
      "reason": "-",
      "owner": "(main)",
      "filed": null
    },
    {
      "id": "task-0016",
      "title": "Contribution café 16",
      "blocked_by": "-",
      "reason": "-",
      "owner": "(main)",
      "filed": null
    },
    {
      "id": "task-0017",
      "title": "Contribution café 17",
      "blocked_by": "-",
      "reason": "-",
      "owner": "(main)",
      "filed": null
    },
    {
      "id": "task-0018",
      "title": "Contribution café 18",
      "blocked_by": "-",
      "reason": "-",
      "owner": "(main)",
      "filed": null
    },
    {
      "id": "task-0019",
      "title": "Contribution café 19",
      "blocked_by": "-",
      "reason": "-",
      "owner": "(main)",
      "filed": null
    }
  ],
  "reports": [],
  "recorded_prs": [
    {
      "id": "sample",
      "url": "https://github.com/example/repo/pull/1"
    }
  ],
  "omitted": [
    {
      "surface": "backlog item bodies",
      "reveal": "--fields bodies"
    },
    {
      "surface": "task paths",
      "reveal": "--fields paths"
    },
    {
      "surface": "watch/steer actions",
      "reveal": "--fields actions"
    },
    {
      "surface": "healthy endpoint detail",
      "reveal": "--fields endpoints"
    },
    {
      "surface": "full scout-report inventory",
      "reveal": "--all-reports"
    },
    {
      "surface": "gates showing 20 of 400",
      "reveal": "--all-queued"
    },
    {
      "surface": "live PR discovery + checks",
      "reveal": "--include-prs"
    }
  ]
}
