{"case": "holding", "round": 1, "expected": "absorb", "result": "pass", "elapsed_seconds": 5.86, "watcher_output": ""}
{"case": "on-hold", "round": 1, "expected": "absorb", "result": "pass", "elapsed_seconds": 5.59, "watcher_output": ""}
{"case": "waiting-on", "round": 1, "expected": "absorb", "result": "pass", "elapsed_seconds": 5.43, "watcher_output": ""}
{"case": "waiting-for", "round": 1, "expected": "absorb", "result": "pass", "elapsed_seconds": 5.7, "watcher_output": ""}
{"case": "awaiting", "round": 1, "expected": "absorb", "result": "pass", "elapsed_seconds": 8.14, "watcher_output": ""}
{"case": "standing-by", "round": 1, "expected": "absorb", "result": "pass", "elapsed_seconds": 7.36, "watcher_output": ""}
{"case": "blocked", "round": 1, "expected": "absorb", "result": "pass", "elapsed_seconds": 6.87, "watcher_output": ""}
{"case": "decision", "round": 1, "expected": "absorb", "result": "pass", "elapsed_seconds": 6.21, "watcher_output": ""}
{"case": "hold-aged", "round": 1, "expected": "recheck", "result": "pass", "elapsed_seconds": 1.65, "watcher_output": "stale: primary:fm-lane (idle 601s, waiting 2002s - declared hold, holding per its own newest working: line, rechecked on a long cadence not a wedge; confirm what it is holding for; a holding lane should write paused: or needs-decision:)"}
{"case": "blocked-aged", "round": 1, "expected": "recheck", "result": "pass", "elapsed_seconds": 1.53, "watcher_output": "stale: primary:fm-lane (idle 601s, waiting 2001s - declared blocker, awaiting firstmate - its blocker was already reported, rechecked on a long cadence not a wedge; clear the reported blocker and resolve it with fm-send --resolve-key)"}
{"case": "decision-aged", "round": 1, "expected": "recheck", "result": "pass", "elapsed_seconds": 1.46, "watcher_output": "stale: primary:fm-lane (idle 601s, waiting 2001s - declared decision, awaiting firstmate - its decision was already reported, rechecked on a long cadence not a wedge; answer the reported decision with fm-send --resolve-key)"}
{"case": "active", "round": 1, "expected": "wedge", "result": "pass", "elapsed_seconds": 1.59, "watcher_output": "stale: primary:fm-lane (idle 601s, possible wedge, escalation 1)"}
{"case": "active", "round": 2, "expected": "wedge", "result": "pass", "elapsed_seconds": 1.16, "watcher_output": "stale: primary:fm-lane (idle 600s, possible wedge, escalation 2)"}
{"case": "active", "round": 3, "expected": "wedge", "result": "pass", "elapsed_seconds": 1.31, "watcher_output": "stale: primary:fm-lane (idle 601s, possible wedge, escalation 3, demand-deep-inspection: same pane has wedge-escalated 3 times in a row - do not re-absorb on the run-step/pane state alone)"}
{"case": "not-a-phrase", "round": 1, "expected": "wedge", "result": "pass", "elapsed_seconds": 1.45, "watcher_output": "stale: primary:fm-lane (idle 601s, possible wedge, escalation 1)"}
{"case": "metadata-after-colon", "round": 1, "expected": "wedge", "result": "pass", "elapsed_seconds": 1.55, "watcher_output": "stale: primary:fm-lane (idle 601s, possible wedge, escalation 1)"}
{"case": "metadata-before-colon", "round": 1, "expected": "wedge", "result": "pass", "elapsed_seconds": 1.74, "watcher_output": "stale: primary:fm-lane (idle 602s, possible wedge, escalation 1)"}
{"case": "identifier-underscore", "round": 1, "expected": "wedge", "result": "pass", "elapsed_seconds": 1.87, "watcher_output": "stale: primary:fm-lane (idle 602s, possible wedge, escalation 1)"}
{"case": "identifier-digit", "round": 1, "expected": "wedge", "result": "pass", "elapsed_seconds": 1.65, "watcher_output": "stale: primary:fm-lane (idle 601s, possible wedge, escalation 1)"}
{"case": "superseded-hold", "round": 1, "expected": "wedge", "result": "pass", "elapsed_seconds": 1.64, "watcher_output": "stale: primary:fm-lane (idle 601s, possible wedge, escalation 1)"}
{"case": "superseded-blocker", "round": 1, "expected": "wedge", "result": "pass", "elapsed_seconds": 1.59, "watcher_output": "stale: primary:fm-lane (idle 601s, possible wedge, escalation 1)"}
{"case": "resolved-decision", "round": 1, "expected": "wedge", "result": "pass", "elapsed_seconds": 1.95, "watcher_output": "stale: primary:fm-lane (idle 602s, possible wedge, escalation 1)"}
