ok - watch-arm: an attached arm reports the wake its cycle delivered instead of a false failure
ok - watch-arm: a delivered wake consumed by the handling turn still closes the attached arm cleanly
ok - watch-arm: an unusable launch confirm window refuses to arm by name
ok - watch-arm: a disposable validation checkout refuses to arm
ok - watch-arm: a watcher exits when its state directory is removed
ok - watch-arm: a watcher exits when its home is removed
ok - watch-arm: the test reaper stops a watcher armed for a tracked temporary home
ok - watch-arm: a cycle that delivered no wake of its own still fails loudly
ok - watch-arm: an attached arm keeps following a slow live holder and reports its wake
ok - watch-arm: an attached arm hands a holder stalled past the bound to its owner's replacement
/Users/kesslerio/.no-mistakes/worktrees/8036f35f7c08/01M3QTPEXZQCR13W9QA1PV6M34/bin/fm-watch-arm.sh: line 680: 23524 Killed: 9               "$WATCH" > "$child_out"
WAKE_ACK_REQUIRED: after handling completes run bin/fm-wake-drain.sh --ack-through 2 --recovery-generation 25325.1790727681.mh5q3D
ok - watch-arm: re-arm surfaces every queued wake and an open remote decision after downtime
/Users/kesslerio/.no-mistakes/worktrees/8036f35f7c08/01M3QTPEXZQCR13W9QA1PV6M34/bin/fm-watch-arm.sh: line 680: 48922 Killed: 9               "$WATCH" > "$child_out"
WAKE_ACK_REQUIRED: after handling completes run bin/fm-wake-drain.sh --ack-through 1 --recovery-generation 51505.1790727699.2nZMll
ok - watch-arm: a re-arm whose recovery cycle runs slowly still surfaces it
watcher: recovery state could not be persisted; retaining stale lock evidence
ok - watch-arm: marker publication failure retains stale-lock recovery evidence
WAKE_ACK_REQUIRED: after handling completes run bin/fm-wake-drain.sh --ack-through 2 --recovery-generation 86043.1790727724.jyfAoN
WAKE_ACK_REQUIRED: after handling completes run bin/fm-wake-drain.sh --ack-through 3 --recovery-generation 95503.1790727728.DnSzdo
ok - watch-arm: a wake queued after handling drain is recovered once at successor arm
ok - watch-arm: interrupted handling leaves its wake durable for successor re-drain
WAKE_ACK_REQUIRED: after handling completes run bin/fm-wake-drain.sh --ack-through 0 --recovery-generation 33683.1790727747.unSZiB
ok - watch-arm: malformed recovery state is quarantined without a successor loop
WAKE_ACK_REQUIRED: after handling completes run bin/fm-wake-drain.sh --ack-through 1 --recovery-generation 50988.1790727753.awZkbS
ok - watch-arm: publication after recovery handoff is surfaced
ok - watch-arm: restart publishes recovery before clearing a reused-pid watcher lock
WAKE_ACK_REQUIRED: after handling completes run bin/fm-wake-drain.sh --ack-through 7 --recovery-generation 68059.1790727759.xCXPER
ok - watch-arm: markerless legacy queues are adopted and recovered
ok - watch-arm: an idle Lavish source stays quiet and its real result wakes promptly
ok - watch-arm: appending work reopens an announced empty recovery
ok - watch-arm: a watcher close during handling keeps the printed acknowledgement valid
ok - watch-arm: a moved recovery generation consumes handled rows and names its remedy
ok - watch-arm: downtime marker publication does not follow symlinks
ok - watch-arm: --stop ends only this home's watcher, publishes downtime, and reports when none runs
