--- unread queue:
1790845757<TAB>1<TAB>stale<TAB>term-lab-orca-1<TAB>stale: term-lab-orca-1 (idle pane)
1790845758<TAB>2<TAB>signal<TAB>orca-task.status<TAB>signal: orca-task.status
--- PRE-FIX (base 549e07f) scope: the whole wake was vetoed to main
status=unsafe
corrupted=1
rows=
tasks=
unscoped=0
exit=0
--- PRE-FIX offer for the stale:<terminal> close (main, not the branch):
eligible=0
status=unsafe
corrupted=1
rows=
tasks=
unscoped=0
exit=0
--- POST-FIX (this change) scope on the identical fixture
status=safe
corrupted=0
rows=1 2
tasks=orca-task
unscoped=0
exit=0
--- POST-FIX offer for the same close
eligible=1
status=safe
corrupted=0
rows=1 2
tasks=orca-task
unscoped=0
exit=0
