$ ['bash', '-c', '. bin/fm-backend.sh; fm_backend_composer_state orca "$1"', '_', 'term_924996d6-ffcd-4e4a-b55e-5fa79315f74d']
unknown
exit=0
$ ['bash', '-c', '. bin/fm-backend.sh; fm_backend_composer_state orca "$1"', '_', 'term_924996d6-ffcd-4e4a-b55e-5fa79315f74d']
unknown
exit=0
$ ['bash', '-c', '. bin/fm-backend.sh; fm_backend_composer_state orca "$1"', '_', 'term_924996d6-ffcd-4e4a-b55e-5fa79315f74d']
unknown
exit=0
$ ['bash', '-c', '. bin/fm-backend.sh; fm_backend_composer_state orca "$1"', '_', 'term_924996d6-ffcd-4e4a-b55e-5fa79315f74d']
unknown
exit=0
$ ['bash', '-c', '. bin/fm-backend.sh; fm_backend_composer_state orca "$1"', '_', 'term_924996d6-ffcd-4e4a-b55e-5fa79315f74d']
unknown
exit=0
$ ['bash', '-c', '. bin/fm-backend.sh; fm_backend_composer_state orca "$1"', '_', 'term_924996d6-ffcd-4e4a-b55e-5fa79315f74d']
unknown
exit=0
$ ['bash', '-c', '. bin/fm-backend.sh; fm_backend_composer_state orca "$1"', '_', 'term_924996d6-ffcd-4e4a-b55e-5fa79315f74d']
unknown
exit=0
$ ['bash', '-c', '. bin/fm-backend.sh; fm_backend_composer_state orca "$1"', '_', 'term_924996d6-ffcd-4e4a-b55e-5fa79315f74d']
unknown
exit=0
$ ['bash', '-c', '. bin/fm-backend.sh; fm_backend_composer_state orca "$1"', '_', 'term_924996d6-ffcd-4e4a-b55e-5fa79315f74d']
unknown
exit=0
$ ['bash', '-c', '. bin/fm-backend.sh; fm_backend_composer_state orca "$1"', '_', 'term_924996d6-ffcd-4e4a-b55e-5fa79315f74d']
unknown
exit=0
$ ['bash', '-c', '. bin/fm-backend.sh; fm_backend_composer_state orca "$1"', '_', 'term_924996d6-ffcd-4e4a-b55e-5fa79315f74d']
unknown
exit=0
$ ['bash', '-c', '. bin/fm-backend.sh; fm_backend_composer_state orca "$1"', '_', 'term_924996d6-ffcd-4e4a-b55e-5fa79315f74d']
unknown
exit=0
$ ['bash', '-c', '. bin/fm-backend.sh; fm_backend_composer_state orca "$1"', '_', 'term_924996d6-ffcd-4e4a-b55e-5fa79315f74d']
unknown
exit=0
$ ['bash', '-c', '. bin/fm-backend.sh; fm_backend_composer_state orca "$1"', '_', 'term_924996d6-ffcd-4e4a-b55e-5fa79315f74d']
unknown
exit=0
$ ['bash', '-c', '. bin/fm-backend.sh; fm_backend_composer_state orca "$1"', '_', 'term_924996d6-ffcd-4e4a-b55e-5fa79315f74d']
unknown
exit=0
$ ['bash', '-c', '. bin/fm-backend.sh; fm_backend_composer_state orca "$1"', '_', 'term_924996d6-ffcd-4e4a-b55e-5fa79315f74d']
unknown
exit=0
$ ['bash', '-c', '. bin/fm-backend.sh; fm_backend_composer_state orca "$1"', '_', 'term_924996d6-ffcd-4e4a-b55e-5fa79315f74d']
unknown
exit=0
$ ['bash', '-c', '. bin/fm-backend.sh; fm_backend_composer_state orca "$1"', '_', 'term_924996d6-ffcd-4e4a-b55e-5fa79315f74d']
unknown
exit=0
$ ['bash', '-c', '. bin/fm-backend.sh; fm_backend_composer_state orca "$1"', '_', 'term_924996d6-ffcd-4e4a-b55e-5fa79315f74d']
unknown
exit=0
$ ['bash', '-c', '. bin/fm-backend.sh; fm_backend_composer_state orca "$1"', '_', 'term_924996d6-ffcd-4e4a-b55e-5fa79315f74d']
unknown
exit=0
$ ['bash', '-c', '. bin/fm-backend.sh; fm_backend_composer_state orca "$1"', '_', 'term_924996d6-ffcd-4e4a-b55e-5fa79315f74d']
unknown
exit=0
$ ['bash', '-c', '. bin/fm-backend.sh; fm_backend_composer_state orca "$1"', '_', 'term_924996d6-ffcd-4e4a-b55e-5fa79315f74d']
unknown
exit=0
$ ['orca', 'terminal', 'read', '--terminal', 'term_924996d6-ffcd-4e4a-b55e-5fa79315f74d', '--limit', '100', '--json']
{
  "id": "089aa616-efb7-4ac0-9946-9b80e57b7925",
  "ok": true,
  "result": {
    "terminal": {
      "handle": "term_924996d6-ffcd-4e4a-b55e-5fa79315f74d",
      "status": "running",
      "tail": [
        "  Cursor Agent",
        "  v2026.10.01-e373342",
        "  Tip: Hit shift+tab to enable Plan Mode for large or complex changes.",
        "  → Plan, search, build anything",
        "  Ask (shift+tab to cycle)",
        "  Grok 4.6 High",
        "  ~/.no-mistakes/worktrees/8036f35f7c08/01M4ECD9YTA5D04QXXWWV4FBTW/.test-orca-lab/workspaces/project/fm-transport-live",
        "  · fm-transport-live"
      ],
      "truncated": false,
      "limited": false,
      "oldestCursor": "0",
      "nextCursor": "18",
      "latestCursor": "18",
      "returnedLineCount": 8,
      "source": "screen"
    }
  },
  "_meta": {
    "runtimeId": "58c151fa-ac0b-4c25-abef-85a904e6f10a"
  }
}

exit=0
