$ ['orca', 'terminal', 'read', '--terminal', 'term_6d584bdd-8e44-44e7-9c75-b6b41f326b8a', '--limit', '100', '--json']
{
  "id": "418f819c-3a25-4ff5-8e9f-915acb528518",
  "ok": true,
  "result": {
    "terminal": {
      "handle": "term_6d584bdd-8e44-44e7-9c75-b6b41f326b8a",
      "status": "running",
      "tail": [
        "  Reply exactly ACK_HEALTHY_7B9. Do not use tools.: Firstmate instruction waiting: list \"$FM_TASK_INBOX\"/*.msg",
        "  in your 'transport-live.inbox' steering inbox, read and act on each in numeric order, then mv each into its",
        "  handled/.",
        "  ACK_HEALTHY_7B9",
        "  Reply exactly ACK_STALE_7B9. Do not use tools.",
        "  ACK_STALE_7B9",
        "  Reply ACK_ENTER_7B9 without using tools.",
        "  ACK_ENTER_7B9",
        "  HUMAN_UNFINISHED_DRAFT_9C2. Do not use tools.: Firstmate instruction waiting: list \"$FM_TASK_INBOX\"/*.msg in",
        "  your 'draft-live.inbox' steering inbox, read and act on each in numeric order, then mv each into its handled/.",
        "  HUMAN_UNFINISHED_DRAFT_9C2",
        "  → Add a follow-up",
        "  Press Ctrl+C again to exit"
      ],
      "truncated": false,
      "limited": false,
      "oldestCursor": "0",
      "nextCursor": "1404",
      "latestCursor": "1404",
      "returnedLineCount": 13,
      "source": "screen"
    }
  },
  "_meta": {
    "runtimeId": "58c151fa-ac0b-4c25-abef-85a904e6f10a"
  }
}

exit=0
$ ['bash', '-c', '. bin/fm-task-inbox-lib.sh; fm_task_inbox_write "$1" own-live "Fixture: no action required." fire-and-forget', '_', '/Users/kesslerio/.no-mistakes/worktrees/8036f35f7c08/01M4ECD9YTA5D04QXXWWV4FBTW/.l/state']
/Users/kesslerio/.no-mistakes/worktrees/8036f35f7c08/01M4ECD9YTA5D04QXXWWV4FBTW/.l/state/own-live.inbox/002.msg
exit=0
$ ['bash', '-c', '. bin/fm-task-inbox-lib.sh; fm_task_inbox_doorbell_line "$1"', '_', '/Users/kesslerio/.no-mistakes/worktrees/8036f35f7c08/01M4ECD9YTA5D04QXXWWV4FBTW/.l/state/own-live.inbox/002.msg']
: Firstmate instruction waiting: list "$FM_TASK_INBOX"/*.msg in your 'own-live.inbox' steering inbox, read and act on each in numeric order, then mv each into its handled/.
exit=0
$ ['orca', 'terminal', 'send', '--terminal', 'term_6d584bdd-8e44-44e7-9c75-b6b41f326b8a', '--text', ': Firstmate instruction waiting: list "$FM_TASK_INBOX"/*.msg in your \'own-live.inbox\' steering inbox, read and act on each in numeric order, then mv each into its handled/.', '--json']
{
  "id": "a38b280f-45da-4973-9a63-04093002be92",
  "ok": true,
  "result": {
    "send": {
      "handle": "term_6d584bdd-8e44-44e7-9c75-b6b41f326b8a",
      "accepted": true,
      "bytesWritten": 172
    }
  },
  "_meta": {
    "runtimeId": "58c151fa-ac0b-4c25-abef-85a904e6f10a"
  }
}

exit=0
$ ['orca', 'terminal', 'read', '--terminal', 'term_6d584bdd-8e44-44e7-9c75-b6b41f326b8a', '--limit', '100', '--json']
{
  "id": "22589ed2-4cce-4f7d-a07f-343047dfa0bd",
  "ok": true,
  "result": {
    "terminal": {
      "handle": "term_6d584bdd-8e44-44e7-9c75-b6b41f326b8a",
      "status": "running",
      "tail": [
        "  Reply exactly ACK_HEALTHY_7B9. Do not use tools.: Firstmate instruction waiting: list \"$FM_TASK_INBOX\"/*.msg",
        "  in your 'transport-live.inbox' steering inbox, read and act on each in numeric order, then mv each into its",
        "  handled/.",
        "  ACK_HEALTHY_7B9",
        "  Reply exactly ACK_STALE_7B9. Do not use tools.",
        "  ACK_STALE_7B9",
        "  Reply ACK_ENTER_7B9 without using tools.",
        "  ACK_ENTER_7B9",
        "  HUMAN_UNFINISHED_DRAFT_9C2. Do not use tools.: Firstmate instruction waiting: list \"$FM_TASK_INBOX\"/*.msg in",
        "  your 'draft-live.inbox' steering inbox, read and act on each in numeric order, then mv each into its handled/.",
        "  HUMAN_UNFINISHED_DRAFT_9C2",
        "  → : Firstmate instruction waiting: list \"$FM_TASK_INBOX\"/*.msg in your 'own-live.inbox' steering inbox, read and",
        "    act on each in numeric order, then mv each into its handled/.",
        "  Ask (shift+tab to cycle)",
        "  Auto · 11.8%",
        "  ~/.no-mistakes/worktrees/8036f35f7c08/01M4ECD9YTA5D04QXXWWV4FBTW/.test-orca-lab/workspaces/project/fm-transport-live",
        "  · fm-transport-live"
      ],
      "truncated": false,
      "limited": false,
      "oldestCursor": "0",
      "nextCursor": "1412",
      "latestCursor": "1412",
      "returnedLineCount": 17,
      "source": "screen"
    }
  },
  "_meta": {
    "runtimeId": "58c151fa-ac0b-4c25-abef-85a904e6f10a"
  }
}

exit=0
$ ['bash', '-c', '. bin/fm-backend.sh; fm_backend_composer_state orca "$1"', '_', 'term_6d584bdd-8e44-44e7-9c75-b6b41f326b8a']
unknown
exit=0
$ ['bash', '-c', '. bin/fm-task-inbox-lib.sh; fm_task_inbox_ring orca "$1" "$2"', '_', 'term_4c9a0311-fbae-4ecb-92bc-39d2606a5735', '/Users/kesslerio/.no-mistakes/worktrees/8036f35f7c08/01M4ECD9YTA5D04QXXWWV4FBTW/.l/state/own-live.inbox/002.msg']

exit=0
$ ['orca', 'terminal', 'read', '--terminal', 'term_6d584bdd-8e44-44e7-9c75-b6b41f326b8a', '--limit', '100', '--json']
{
  "id": "e9fd0b8f-103f-429b-ae09-912967cb9efb",
  "ok": true,
  "result": {
    "terminal": {
      "handle": "term_6d584bdd-8e44-44e7-9c75-b6b41f326b8a",
      "status": "running",
      "tail": [
        "  Reply exactly ACK_STALE_7B9. Do not use tools.",
        "  ACK_STALE_7B9",
        "  Reply ACK_ENTER_7B9 without using tools.",
        "  ACK_ENTER_7B9",
        "  HUMAN_UNFINISHED_DRAFT_9C2. Do not use tools.: Firstmate instruction waiting: list \"$FM_TASK_INBOX\"/*.msg in",
        "  your 'draft-live.inbox' steering inbox, read and act on each in numeric order, then mv each into its handled/.",
        "  HUMAN_UNFINISHED_DRAFT_9C2",
        "  : Firstmate instruction waiting: list \"$FM_TASK_INBOX\"/*.msg in your 'own-live.inbox' steering inbox, read and",
        "  act on each in numeric order, then mv each into its handled/.: Firstmate instruction waiting: list",
        "  \"$FM_TASK_INBOX\"/*.msg in your 'own-live.inbox' steering inbox, read and act on each in numeric order, then mv",
        "  each into its handled/.",
        " ⠰⠳ Working",
        "  → Add a follow-up                                                                                     ctrl+c to stop",
        "  Ask (shift+tab to cycle)",
        "  Auto · 11.8%",
        "  ~/.no-mistakes/worktrees/8036f35f7c08/01M4ECD9YTA5D04QXXWWV4FBTW/.test-orca-lab/workspaces/project/fm-transport-live",
        "  · fm-transport-live"
      ],
      "truncated": false,
      "limited": false,
      "oldestCursor": "0",
      "nextCursor": "1518",
      "latestCursor": "1518",
      "returnedLineCount": 17,
      "source": "screen"
    }
  },
  "_meta": {
    "runtimeId": "58c151fa-ac0b-4c25-abef-85a904e6f10a"
  }
}

exit=0
