SCENARIO daemon-ready
count: 1
ready[1]{id,state,kind,repo,title}:
  next,queued,task,"-",dependency-cleared next unit
ready_public_followups: 0 delivery-ready obligations
help[1]:
  - Run `tasks-axi start <id>` to dispatch one of these
Terminated                 sleep 1
[2026-10-07T09:10:14-0700] daemon starting (pid 4083755); target=primary:0; target_source=FM_SUPERVISOR_TARGET; backend=tmux; backend_source=FM_SUPERVISOR_BACKEND; afk=on; inject_skip='heartbeat'; stale_escalate=240s; batch=9999s
[2026-10-07T09:10:15-0700] wake: heartbeat
[2026-10-07T09:10:16-0700] escalate: heartbeat -> ready-queue fleet check: evaluate tasks-axi ready and launch every authorized ready unit; if readiness is unavailable, resolve or report the blocker
[2026-10-07T09:10:17-0700] wake: heartbeat
[2026-10-07T09:10:18-0700] escalate: heartbeat -> ready-queue fleet check: evaluate tasks-axi ready and launch every authorized ready unit; if readiness is unavailable, resolve or report the blocker
[2026-10-07T09:10:21-0700] wake: heartbeat
[2026-10-07T09:10:22-0700] escalate: heartbeat -> ready-queue fleet check: evaluate tasks-axi ready and launch every authorized ready unit; if readiness is unavailable, resolve or report the blocker
[2026-10-07T09:10:22-0700] inject deferred: supervisor composer not confirmed-empty (state=unknown: pending input, dead-shell prompt, or unreadable pane)
[2026-10-07T09:10:22-0700] daemon shutting down
DURABLE HANDOFF
ready-queue fleet check: evaluate tasks-axi ready and launch every authorized ready unit; if readiness is unavailable, resolve or report the blocker
ready-queue fleet check: evaluate tasks-axi ready and launch every authorized ready unit; if readiness is unavailable, resolve or report the blocker
ready-queue fleet check: evaluate tasks-axi ready and launch every authorized ready unit; if readiness is unavailable, resolve or report the blocker
PENDING WAKE
