ok - fm-control relaunch: a full destination pool refuses before the old agent is touched
ok - fm-control relaunch: a same-pool replacement keeps exactly one counted seat
ok - fm-control relaunch: rollback releases an undelivered candidate and keeps a delivered one counted
ok - fm-control relaunch: a secondmate relaunch runs in one episode, honors its expected generation, and confirms its seat
ok - host relaunch persists the predecessor's terminal outcome before endpoint reuse
ok - standalone worker and supervisor relaunches release exact predecessors before replacement delivery
ok - fractional supervisor startup timeouts retain the exact submitted generation and route
ok - legacy worker and supervisor routes support ordinary confirmation and control relaunch
ok - host launch and relaunch recover imported generations through their observing receipts
ok - control terminalizes every matching observing receipt and leaves foreign generations alone
rm: /private/var/folders/lw/83_wpdv92g5ff57h6hflw6wr0000gp/T/fm-control-relaunch.tPv2EZ/poolrollback-14749/home/state/rl52.git-hooks/pre-rebase: Permission denied
rm: /private/var/folders/lw/83_wpdv92g5ff57h6hflw6wr0000gp/T/fm-control-relaunch.tPv2EZ/poolrollback-14749/home/state/rl52.git-hooks/pre-applypatch: Permission denied
rm: /private/var/folders/lw/83_wpdv92g5ff57h6hflw6wr0000gp/T/fm-control-relaunch.tPv2EZ/poolrollback-14749/home/state/rl52.git-hooks/pre-auto-gc: Permission denied
rm: /private/var/folders/lw/83_wpdv92g5ff57h6hflw6wr0000gp/T/fm-control-relaunch.tPv2EZ/poolrollback-14749/home/state/rl52.git-hooks/pre-merge-commit: Permission denied
rm: /private/var/folders/lw/83_wpdv92g5ff57h6hflw6wr0000gp/T/fm-control-relaunch.tPv2EZ/poolrollback-14749/home/state/rl52.git-hooks/post-commit: Permission denied
rm: /private/var/folders/lw/83_wpdv92g5ff57h6hflw6wr0000gp/T/fm-control-relaunch.tPv2EZ/poolrollback-14749/home/state/rl52.git-hooks/sendemail-validate: Permission denied
rm: /private/var/folders/lw/83_wpdv92g5ff57h6hflw6wr0000gp/T/fm-control-relaunch.tPv2EZ/poolrollback-14749/home/state/rl52.git-hooks/applypatch-msg: Permission denied
rm: /private/var/folders/lw/83_wpdv92g5ff57h6hflw6wr0000gp/T/fm-control-relaunch.tPv2EZ/poolrollback-14749/home/state/rl52.git-hooks/prepare-commit-msg: Permission denied
rm: /private/var/folders/lw/83_wpdv92g5ff57h6hflw6wr0000gp/T/fm-control-relaunch.tPv2EZ/poolrollback-14749/home/state/rl52.git-hooks/post-checkout: Permission denied
rm: /private/var/folders/lw/83_wpdv92g5ff57h6hflw6wr0000gp/T/fm-control-relaunch.tPv2EZ/poolrollback-14749/home/state/rl52.git-hooks/post-applypatch: Permission denied
rm: /private/var/folders/lw/83_wpdv92g5ff57h6hflw6wr0000gp/T/fm-control-relaunch.tPv2EZ/poolrollback-14749/home/state/rl52.git-hooks/post-rewrite: Permission denied
rm: /private/var/folders/lw/83_wpdv92g5ff57h6hflw6wr0000gp/T/fm-control-relaunch.tPv2EZ/poolrollback-14749/home/state/rl52.git-hooks/commit-msg: Permission denied
rm: /private/var/folders/lw/83_wpdv92g5ff57h6hflw6wr0000gp/T/fm-control-relaunch.tPv2EZ/poolrollback-14749/home/state/rl52.git-hooks/pre-push: Permission denied
rm: /private/var/folders/lw/83_wpdv92g5ff57h6hflw6wr0000gp/T/fm-control-relaunch.tPv2EZ/poolrollback-14749/home/state/rl52.git-hooks/post-merge: Permission denied
rm: /private/var/folders/lw/83_wpdv92g5ff57h6hflw6wr0000gp/T/fm-control-relaunch.tPv2EZ/poolrollback-14749/home/state/rl52.git-hooks/pre-commit: Permission denied
rm: /private/var/folders/lw/83_wpdv92g5ff57h6hflw6wr0000gp/T/fm-control-relaunch.tPv2EZ/poolrollback-14749/home/state/rl52.git-hooks: Directory not empty
rm: /private/var/folders/lw/83_wpdv92g5ff57h6hflw6wr0000gp/T/fm-control-relaunch.tPv2EZ/poolrollback-14749/home/state: Directory not empty
rm: /private/var/folders/lw/83_wpdv92g5ff57h6hflw6wr0000gp/T/fm-control-relaunch.tPv2EZ/poolrollback-14749/home: Directory not empty
rm: /private/var/folders/lw/83_wpdv92g5ff57h6hflw6wr0000gp/T/fm-control-relaunch.tPv2EZ/poolrollback-14749: Directory not empty
rm: /private/var/folders/lw/83_wpdv92g5ff57h6hflw6wr0000gp/T/fm-control-relaunch.tPv2EZ/host-receipt-14598/home/state/sm62.git-hooks/pre-rebase: Permission denied
rm: /private/var/folders/lw/83_wpdv92g5ff57h6hflw6wr0000gp/T/fm-control-relaunch.tPv2EZ/host-receipt-14598/home/state/sm62.git-hooks/pre-applypatch: Permission denied
rm: /private/var/folders/lw/83_wpdv92g5ff57h6hflw6wr0000gp/T/fm-control-relaunch.tPv2EZ/host-receipt-14598/home/state/sm62.git-hooks/pre-auto-gc: Permission denied
rm: /private/var/folders/lw/83_wpdv92g5ff57h6hflw6wr0000gp/T/fm-control-relaunch.tPv2EZ/host-receipt-14598/home/state/sm62.git-hooks/pre-merge-commit: Permission denied
rm: /private/var/folders/lw/83_wpdv92g5ff57h6hflw6wr0000gp/T/fm-control-relaunch.tPv2EZ/host-receipt-14598/home/state/sm62.git-hooks/post-commit: Permission denied
rm: /private/var/folders/lw/83_wpdv92g5ff57h6hflw6wr0000gp/T/fm-control-relaunch.tPv2EZ/host-receipt-14598/home/state/sm62.git-hooks/sendemail-validate: Permission denied
rm: /private/var/folders/lw/83_wpdv92g5ff57h6hflw6wr0000gp/T/fm-control-relaunch.tPv2EZ/host-receipt-14598/home/state/sm62.git-hooks/applypatch-msg: Permission denied
rm: /private/var/folders/lw/83_wpdv92g5ff57h6hflw6wr0000gp/T/fm-control-relaunch.tPv2EZ/host-receipt-14598/home/state/sm62.git-hooks/prepare-commit-msg: Permission denied
rm: /private/var/folders/lw/83_wpdv92g5ff57h6hflw6wr0000gp/T/fm-control-relaunch.tPv2EZ/host-receipt-14598/home/state/sm62.git-hooks/post-checkout: Permission denied
rm: /private/var/folders/lw/83_wpdv92g5ff57h6hflw6wr0000gp/T/fm-control-relaunch.tPv2EZ/host-receipt-14598/home/state/sm62.git-hooks/post-applypatch: Permission denied
rm: /private/var/folders/lw/83_wpdv92g5ff57h6hflw6wr0000gp/T/fm-control-relaunch.tPv2EZ/host-receipt-14598/home/state/sm62.git-hooks/post-rewrite: Permission denied
rm: /private/var/folders/lw/83_wpdv92g5ff57h6hflw6wr0000gp/T/fm-control-relaunch.tPv2EZ/host-receipt-14598/home/state/sm62.git-hooks/commit-msg: Permission denied
rm: /private/var/folders/lw/83_wpdv92g5ff57h6hflw6wr0000gp/T/fm-control-relaunch.tPv2EZ/host-receipt-14598/home/state/sm62.git-hooks/pre-push: Permission denied
rm: /private/var/folders/lw/83_wpdv92g5ff57h6hflw6wr0000gp/T/fm-control-relaunch.tPv2EZ/host-receipt-14598/home/state/sm62.git-hooks/post-merge: Permission denied
rm: /private/var/folders/lw/83_wpdv92g5ff57h6hflw6wr0000gp/T/fm-control-relaunch.tPv2EZ/host-receipt-14598/home/state/sm62.git-hooks/pre-commit: Permission denied
rm: /private/var/folders/lw/83_wpdv92g5ff57h6hflw6wr0000gp/T/fm-control-relaunch.tPv2EZ/host-receipt-14598/home/state/sm62.git-hooks: Directory not empty
rm: /private/var/folders/lw/83_wpdv92g5ff57h6hflw6wr0000gp/T/fm-control-relaunch.tPv2EZ/host-receipt-14598/home/state: Directory not empty
rm: /private/var/folders/lw/83_wpdv92g5ff57h6hflw6wr0000gp/T/fm-control-relaunch.tPv2EZ/host-receipt-14598/home: Directory not empty
rm: /private/var/folders/lw/83_wpdv92g5ff57h6hflw6wr0000gp/T/fm-control-relaunch.tPv2EZ/host-receipt-14598: Directory not empty
rm: /private/var/folders/lw/83_wpdv92g5ff57h6hflw6wr0000gp/T/fm-control-relaunch.tPv2EZ/standalone-ship-23175/home/state/rl64.git-hooks/pre-rebase: Permission denied
rm: /private/var/folders/lw/83_wpdv92g5ff57h6hflw6wr0000gp/T/fm-control-relaunch.tPv2EZ/standalone-ship-23175/home/state/rl64.git-hooks/pre-applypatch: Permission denied
rm: /private/var/folders/lw/83_wpdv92g5ff57h6hflw6wr0000gp/T/fm-control-relaunch.tPv2EZ/standalone-ship-23175/home/state/rl64.git-hooks/pre-auto-gc: Permission denied
rm: /private/var/folders/lw/83_wpdv92g5ff57h6hflw6wr0000gp/T/fm-control-relaunch.tPv2EZ/standalone-ship-23175/home/state/rl64.git-hooks/pre-merge-commit: Permission denied
rm: /private/var/folders/lw/83_wpdv92g5ff57h6hflw6wr0000gp/T/fm-control-relaunch.tPv2EZ/standalone-ship-23175/home/state/rl64.git-hooks/post-commit: Permission denied
rm: /private/var/folders/lw/83_wpdv92g5ff57h6hflw6wr0000gp/T/fm-control-relaunch.tPv2EZ/standalone-ship-23175/home/state/rl64.git-hooks/sendemail-validate: Permission denied
rm: /private/var/folders/lw/83_wpdv92g5ff57h6hflw6wr0000gp/T/fm-control-relaunch.tPv2EZ/standalone-ship-23175/home/state/rl64.git-hooks/applypatch-msg: Permission denied
rm: /private/var/folders/lw/83_wpdv92g5ff57h6hflw6wr0000gp/T/fm-control-relaunch.tPv2EZ/standalone-ship-23175/home/state/rl64.git-hooks/prepare-commit-msg: Permission denied
rm: /private/var/folders/lw/83_wpdv92g5ff57h6hflw6wr0000gp/T/fm-control-relaunch.tPv2EZ/standalone-ship-23175/home/state/rl64.git-hooks/post-checkout: Permission denied
rm: /private/var/folders/lw/83_wpdv92g5ff57h6hflw6wr0000gp/T/fm-control-relaunch.tPv2EZ/standalone-ship-23175/home/state/rl64.git-hooks/post-applypatch: Permission denied
rm: /private/var/folders/lw/83_wpdv92g5ff57h6hflw6wr0000gp/T/fm-control-relaunch.tPv2EZ/standalone-ship-23175/home/state/rl64.git-hooks/post-rewrite: Permission denied
rm: /private/var/folders/lw/83_wpdv92g5ff57h6hflw6wr0000gp/T/fm-control-relaunch.tPv2EZ/standalone-ship-23175/home/state/rl64.git-hooks/commit-msg: Permission denied
rm: /private/var/folders/lw/83_wpdv92g5ff57h6hflw6wr0000gp/T/fm-control-relaunch.tPv2EZ/standalone-ship-23175/home/state/rl64.git-hooks/pre-push: Permission denied
rm: /private/var/folders/lw/83_wpdv92g5ff57h6hflw6wr0000gp/T/fm-control-relaunch.tPv2EZ/standalone-ship-23175/home/state/rl64.git-hooks/post-merge: Permission denied
rm: /private/var/folders/lw/83_wpdv92g5ff57h6hflw6wr0000gp/T/fm-control-relaunch.tPv2EZ/standalone-ship-23175/home/state/rl64.git-hooks/pre-commit: Permission denied
rm: /private/var/folders/lw/83_wpdv92g5ff57h6hflw6wr0000gp/T/fm-control-relaunch.tPv2EZ/standalone-ship-23175/home/state/rl64.git-hooks: Directory not empty
rm: /private/var/folders/lw/83_wpdv92g5ff57h6hflw6wr0000gp/T/fm-control-relaunch.tPv2EZ/standalone-ship-23175/home/state: Directory not empty
rm: /private/var/folders/lw/83_wpdv92g5ff57h6hflw6wr0000gp/T/fm-control-relaunch.tPv2EZ/standalone-ship-23175/home: Directory not empty
rm: /private/var/folders/lw/83_wpdv92g5ff57h6hflw6wr0000gp/T/fm-control-relaunch.tPv2EZ/standalone-ship-23175: Directory not empty
rm: /private/var/folders/lw/83_wpdv92g5ff57h6hflw6wr0000gp/T/fm-control-relaunch.tPv2EZ/legacy-ship-30668/home/state/rl66.git-hooks/pre-rebase: Permission denied
rm: /private/var/folders/lw/83_wpdv92g5ff57h6hflw6wr0000gp/T/fm-control-relaunch.tPv2EZ/legacy-ship-30668/home/state/rl66.git-hooks/pre-applypatch: Permission denied
rm: /private/var/folders/lw/83_wpdv92g5ff57h6hflw6wr0000gp/T/fm-control-relaunch.tPv2EZ/legacy-ship-30668/home/state/rl66.git-hooks/pre-auto-gc: Permission denied
rm: /private/var/folders/lw/83_wpdv92g5ff57h6hflw6wr0000gp/T/fm-control-relaunch.tPv2EZ/legacy-ship-30668/home/state/rl66.git-hooks/pre-merge-commit: Permission denied
rm: /private/var/folders/lw/83_wpdv92g5ff57h6hflw6wr0000gp/T/fm-control-relaunch.tPv2EZ/legacy-ship-30668/home/state/rl66.git-hooks/post-commit: Permission denied
rm: /private/var/folders/lw/83_wpdv92g5ff57h6hflw6wr0000gp/T/fm-control-relaunch.tPv2EZ/legacy-ship-30668/home/state/rl66.git-hooks/sendemail-validate: Permission denied
rm: /private/var/folders/lw/83_wpdv92g5ff57h6hflw6wr0000gp/T/fm-control-relaunch.tPv2EZ/legacy-ship-30668/home/state/rl66.git-hooks/applypatch-msg: Permission denied
rm: /private/var/folders/lw/83_wpdv92g5ff57h6hflw6wr0000gp/T/fm-control-relaunch.tPv2EZ/legacy-ship-30668/home/state/rl66.git-hooks/prepare-commit-msg: Permission denied
rm: /private/var/folders/lw/83_wpdv92g5ff57h6hflw6wr0000gp/T/fm-control-relaunch.tPv2EZ/legacy-ship-30668/home/state/rl66.git-hooks/post-checkout: Permission denied
rm: /private/var/folders/lw/83_wpdv92g5ff57h6hflw6wr0000gp/T/fm-control-relaunch.tPv2EZ/legacy-ship-30668/home/state/rl66.git-hooks/post-applypatch: Permission denied
rm: /private/var/folders/lw/83_wpdv92g5ff57h6hflw6wr0000gp/T/fm-control-relaunch.tPv2EZ/legacy-ship-30668/home/state/rl66.git-hooks/post-rewrite: Permission denied
rm: /private/var/folders/lw/83_wpdv92g5ff57h6hflw6wr0000gp/T/fm-control-relaunch.tPv2EZ/legacy-ship-30668/home/state/rl66.git-hooks/commit-msg: Permission denied
rm: /private/var/folders/lw/83_wpdv92g5ff57h6hflw6wr0000gp/T/fm-control-relaunch.tPv2EZ/legacy-ship-30668/home/state/rl66.git-hooks/pre-push: Permission denied
rm: /private/var/folders/lw/83_wpdv92g5ff57h6hflw6wr0000gp/T/fm-control-relaunch.tPv2EZ/legacy-ship-30668/home/state/rl66.git-hooks/post-merge: Permission denied
rm: /private/var/folders/lw/83_wpdv92g5ff57h6hflw6wr0000gp/T/fm-control-relaunch.tPv2EZ/legacy-ship-30668/home/state/rl66.git-hooks/pre-commit: Permission denied
rm: /private/var/folders/lw/83_wpdv92g5ff57h6hflw6wr0000gp/T/fm-control-relaunch.tPv2EZ/legacy-ship-30668/home/state/rl66.git-hooks: Directory not empty
rm: /private/var/folders/lw/83_wpdv92g5ff57h6hflw6wr0000gp/T/fm-control-relaunch.tPv2EZ/legacy-ship-30668/home/state: Directory not empty
rm: /private/var/folders/lw/83_wpdv92g5ff57h6hflw6wr0000gp/T/fm-control-relaunch.tPv2EZ/legacy-ship-30668/home: Directory not empty
rm: /private/var/folders/lw/83_wpdv92g5ff57h6hflw6wr0000gp/T/fm-control-relaunch.tPv2EZ/legacy-ship-30668: Directory not empty
rm: /private/var/folders/lw/83_wpdv92g5ff57h6hflw6wr0000gp/T/fm-control-relaunch.tPv2EZ/pooldelivered-4175/home/state/rl53.git-hooks/pre-rebase: Permission denied
rm: /private/var/folders/lw/83_wpdv92g5ff57h6hflw6wr0000gp/T/fm-control-relaunch.tPv2EZ/pooldelivered-4175/home/state/rl53.git-hooks/pre-applypatch: Permission denied
rm: /private/var/folders/lw/83_wpdv92g5ff57h6hflw6wr0000gp/T/fm-control-relaunch.tPv2EZ/pooldelivered-4175/home/state/rl53.git-hooks/pre-auto-gc: Permission denied
rm: /private/var/folders/lw/83_wpdv92g5ff57h6hflw6wr0000gp/T/fm-control-relaunch.tPv2EZ/pooldelivered-4175/home/state/rl53.git-hooks/pre-merge-commit: Permission denied
rm: /private/var/folders/lw/83_wpdv92g5ff57h6hflw6wr0000gp/T/fm-control-relaunch.tPv2EZ/pooldelivered-4175/home/state/rl53.git-hooks/post-commit: Permission denied
rm: /private/var/folders/lw/83_wpdv92g5ff57h6hflw6wr0000gp/T/fm-control-relaunch.tPv2EZ/pooldelivered-4175/home/state/rl53.git-hooks/sendemail-validate: Permission denied
rm: /private/var/folders/lw/83_wpdv92g5ff57h6hflw6wr0000gp/T/fm-control-relaunch.tPv2EZ/pooldelivered-4175/home/state/rl53.git-hooks/applypatch-msg: Permission denied
rm: /private/var/folders/lw/83_wpdv92g5ff57h6hflw6wr0000gp/T/fm-control-relaunch.tPv2EZ/pooldelivered-4175/home/state/rl53.git-hooks/prepare-commit-msg: Permission denied
rm: /private/var/folders/lw/83_wpdv92g5ff57h6hflw6wr0000gp/T/fm-control-relaunch.tPv2EZ/pooldelivered-4175/home/state/rl53.git-hooks/post-checkout: Permission denied
rm: /private/var/folders/lw/83_wpdv92g5ff57h6hflw6wr0000gp/T/fm-control-relaunch.tPv2EZ/pooldelivered-4175/home/state/rl53.git-hooks/post-applypatch: Permission denied
rm: /private/var/folders/lw/83_wpdv92g5ff57h6hflw6wr0000gp/T/fm-control-relaunch.tPv2EZ/pooldelivered-4175/home/state/rl53.git-hooks/post-rewrite: Permission denied
rm: /private/var/folders/lw/83_wpdv92g5ff57h6hflw6wr0000gp/T/fm-control-relaunch.tPv2EZ/pooldelivered-4175/home/state/rl53.git-hooks/commit-msg: Permission denied
rm: /private/var/folders/lw/83_wpdv92g5ff57h6hflw6wr0000gp/T/fm-control-relaunch.tPv2EZ/pooldelivered-4175/home/state/rl53.git-hooks/pre-push: Permission denied
rm: /private/var/folders/lw/83_wpdv92g5ff57h6hflw6wr0000gp/T/fm-control-relaunch.tPv2EZ/pooldelivered-4175/home/state/rl53.git-hooks/post-merge: Permission denied
rm: /private/var/folders/lw/83_wpdv92g5ff57h6hflw6wr0000gp/T/fm-control-relaunch.tPv2EZ/pooldelivered-4175/home/state/rl53.git-hooks/pre-commit: Permission denied
rm: /private/var/folders/lw/83_wpdv92g5ff57h6hflw6wr0000gp/T/fm-control-relaunch.tPv2EZ/pooldelivered-4175/home/state/rl53.git-hooks: Directory not empty
rm: /private/var/folders/lw/83_wpdv92g5ff57h6hflw6wr0000gp/T/fm-control-relaunch.tPv2EZ/pooldelivered-4175/home/state: Directory not empty
rm: /private/var/folders/lw/83_wpdv92g5ff57h6hflw6wr0000gp/T/fm-control-relaunch.tPv2EZ/pooldelivered-4175/home: Directory not empty
rm: /private/var/folders/lw/83_wpdv92g5ff57h6hflw6wr0000gp/T/fm-control-relaunch.tPv2EZ/pooldelivered-4175: Directory not empty
rm: /private/var/folders/lw/83_wpdv92g5ff57h6hflw6wr0000gp/T/fm-control-relaunch.tPv2EZ/fractional-timeout-20943/home/state/sm65.git-hooks/pre-rebase: Permission denied
rm: /private/var/folders/lw/83_wpdv92g5ff57h6hflw6wr0000gp/T/fm-control-relaunch.tPv2EZ/fractional-timeout-20943/home/state/sm65.git-hooks/pre-applypatch: Permission denied
rm: /private/var/folders/lw/83_wpdv92g5ff57h6hflw6wr0000gp/T/fm-control-relaunch.tPv2EZ/fractional-timeout-20943/home/state/sm65.git-hooks/pre-auto-gc: Permission denied
rm: /private/var/folders/lw/83_wpdv92g5ff57h6hflw6wr0000gp/T/fm-control-relaunch.tPv2EZ/fractional-timeout-20943/home/state/sm65.git-hooks/pre-merge-commit: Permission denied
rm: /private/var/folders/lw/83_wpdv92g5ff57h6hflw6wr0000gp/T/fm-control-relaunch.tPv2EZ/fractional-timeout-20943/home/state/sm65.git-hooks/post-commit: Permission denied
rm: /private/var/folders/lw/83_wpdv92g5ff57h6hflw6wr0000gp/T/fm-control-relaunch.tPv2EZ/fractional-timeout-20943/home/state/sm65.git-hooks/sendemail-validate: Permission denied
rm: /private/var/folders/lw/83_wpdv92g5ff57h6hflw6wr0000gp/T/fm-control-relaunch.tPv2EZ/fractional-timeout-20943/home/state/sm65.git-hooks/applypatch-msg: Permission denied
rm: /private/var/folders/lw/83_wpdv92g5ff57h6hflw6wr0000gp/T/fm-control-relaunch.tPv2EZ/fractional-timeout-20943/home/state/sm65.git-hooks/prepare-commit-msg: Permission denied
rm: /private/var/folders/lw/83_wpdv92g5ff57h6hflw6wr0000gp/T/fm-control-relaunch.tPv2EZ/fractional-timeout-20943/home/state/sm65.git-hooks/post-checkout: Permission denied
rm: /private/var/folders/lw/83_wpdv92g5ff57h6hflw6wr0000gp/T/fm-control-relaunch.tPv2EZ/fractional-timeout-20943/home/state/sm65.git-hooks/post-applypatch: Permission denied
rm: /private/var/folders/lw/83_wpdv92g5ff57h6hflw6wr0000gp/T/fm-control-relaunch.tPv2EZ/fractional-timeout-20943/home/state/sm65.git-hooks/post-rewrite: Permission denied
rm: /private/var/folders/lw/83_wpdv92g5ff57h6hflw6wr0000gp/T/fm-control-relaunch.tPv2EZ/fractional-timeout-20943/home/state/sm65.git-hooks/commit-msg: Permission denied
rm: /private/var/folders/lw/83_wpdv92g5ff57h6hflw6wr0000gp/T/fm-control-relaunch.tPv2EZ/fractional-timeout-20943/home/state/sm65.git-hooks/pre-push: Permission denied
rm: /private/var/folders/lw/83_wpdv92g5ff57h6hflw6wr0000gp/T/fm-control-relaunch.tPv2EZ/fractional-timeout-20943/home/state/sm65.git-hooks/post-merge: Permission denied
rm: /private/var/folders/lw/83_wpdv92g5ff57h6hflw6wr0000gp/T/fm-control-relaunch.tPv2EZ/fractional-timeout-20943/home/state/sm65.git-hooks/pre-commit: Permission denied
rm: /private/var/folders/lw/83_wpdv92g5ff57h6hflw6wr0000gp/T/fm-control-relaunch.tPv2EZ/fractional-timeout-20943/home/state/sm65.git-hooks: Directory not empty
rm: /private/var/folders/lw/83_wpdv92g5ff57h6hflw6wr0000gp/T/fm-control-relaunch.tPv2EZ/fractional-timeout-20943/home/state: Directory not empty
rm: /private/var/folders/lw/83_wpdv92g5ff57h6hflw6wr0000gp/T/fm-control-relaunch.tPv2EZ/fractional-timeout-20943/home: Directory not empty
rm: /private/var/folders/lw/83_wpdv92g5ff57h6hflw6wr0000gp/T/fm-control-relaunch.tPv2EZ/fractional-timeout-20943: Directory not empty
rm: /private/var/folders/lw/83_wpdv92g5ff57h6hflw6wr0000gp/T/fm-control-relaunch.tPv2EZ/standalone-scout-19349/home/state/rl64.git-hooks/pre-rebase: Permission denied
rm: /private/var/folders/lw/83_wpdv92g5ff57h6hflw6wr0000gp/T/fm-control-relaunch.tPv2EZ/standalone-scout-19349/home/state/rl64.git-hooks/pre-applypatch: Permission denied
rm: /private/var/folders/lw/83_wpdv92g5ff57h6hflw6wr0000gp/T/fm-control-relaunch.tPv2EZ/standalone-scout-19349/home/state/rl64.git-hooks/pre-auto-gc: Permission denied
rm: /private/var/folders/lw/83_wpdv92g5ff57h6hflw6wr0000gp/T/fm-control-relaunch.tPv2EZ/standalone-scout-19349/home/state/rl64.git-hooks/pre-merge-commit: Permission denied
rm: /private/var/folders/lw/83_wpdv92g5ff57h6hflw6wr0000gp/T/fm-control-relaunch.tPv2EZ/standalone-scout-19349/home/state/rl64.git-hooks/post-commit: Permission denied
rm: /private/var/folders/lw/83_wpdv92g5ff57h6hflw6wr0000gp/T/fm-control-relaunch.tPv2EZ/standalone-scout-19349/home/state/rl64.git-hooks/sendemail-validate: Permission denied
rm: /private/var/folders/lw/83_wpdv92g5ff57h6hflw6wr0000gp/T/fm-control-relaunch.tPv2EZ/standalone-scout-19349/home/state/rl64.git-hooks/applypatch-msg: Permission denied
rm: /private/var/folders/lw/83_wpdv92g5ff57h6hflw6wr0000gp/T/fm-control-relaunch.tPv2EZ/standalone-scout-19349/home/state/rl64.git-hooks/prepare-commit-msg: Permission denied
rm: /private/var/folders/lw/83_wpdv92g5ff57h6hflw6wr0000gp/T/fm-control-relaunch.tPv2EZ/standalone-scout-19349/home/state/rl64.git-hooks/post-checkout: Permission denied
rm: /private/var/folders/lw/83_wpdv92g5ff57h6hflw6wr0000gp/T/fm-control-relaunch.tPv2EZ/standalone-scout-19349/home/state/rl64.git-hooks/post-applypatch: Permission denied
rm: /private/var/folders/lw/83_wpdv92g5ff57h6hflw6wr0000gp/T/fm-control-relaunch.tPv2EZ/standalone-scout-19349/home/state/rl64.git-hooks/post-rewrite: Permission denied
rm: /private/var/folders/lw/83_wpdv92g5ff57h6hflw6wr0000gp/T/fm-control-relaunch.tPv2EZ/standalone-scout-19349/home/state/rl64.git-hooks/commit-msg: Permission denied
rm: /private/var/folders/lw/83_wpdv92g5ff57h6hflw6wr0000gp/T/fm-control-relaunch.tPv2EZ/standalone-scout-19349/home/state/rl64.git-hooks/pre-push: Permission denied
rm: /private/var/folders/lw/83_wpdv92g5ff57h6hflw6wr0000gp/T/fm-control-relaunch.tPv2EZ/standalone-scout-19349/home/state/rl64.git-hooks/post-merge: Permission denied
rm: /private/var/folders/lw/83_wpdv92g5ff57h6hflw6wr0000gp/T/fm-control-relaunch.tPv2EZ/standalone-scout-19349/home/state/rl64.git-hooks/pre-commit: Permission denied
rm: /private/var/folders/lw/83_wpdv92g5ff57h6hflw6wr0000gp/T/fm-control-relaunch.tPv2EZ/standalone-scout-19349/home/state/rl64.git-hooks: Directory not empty
rm: /private/var/folders/lw/83_wpdv92g5ff57h6hflw6wr0000gp/T/fm-control-relaunch.tPv2EZ/standalone-scout-19349/home/state: Directory not empty
rm: /private/var/folders/lw/83_wpdv92g5ff57h6hflw6wr0000gp/T/fm-control-relaunch.tPv2EZ/standalone-scout-19349/home: Directory not empty
rm: /private/var/folders/lw/83_wpdv92g5ff57h6hflw6wr0000gp/T/fm-control-relaunch.tPv2EZ/standalone-scout-19349: Directory not empty
rm: /private/var/folders/lw/83_wpdv92g5ff57h6hflw6wr0000gp/T/fm-control-relaunch.tPv2EZ/poolsame-21265/home/state/rl51.git-hooks/pre-rebase: Permission denied
rm: /private/var/folders/lw/83_wpdv92g5ff57h6hflw6wr0000gp/T/fm-control-relaunch.tPv2EZ/poolsame-21265/home/state/rl51.git-hooks/pre-applypatch: Permission denied
rm: /private/var/folders/lw/83_wpdv92g5ff57h6hflw6wr0000gp/T/fm-control-relaunch.tPv2EZ/poolsame-21265/home/state/rl51.git-hooks/pre-auto-gc: Permission denied
rm: /private/var/folders/lw/83_wpdv92g5ff57h6hflw6wr0000gp/T/fm-control-relaunch.tPv2EZ/poolsame-21265/home/state/rl51.git-hooks/pre-merge-commit: Permission denied
rm: /private/var/folders/lw/83_wpdv92g5ff57h6hflw6wr0000gp/T/fm-control-relaunch.tPv2EZ/poolsame-21265/home/state/rl51.git-hooks/post-commit: Permission denied
rm: /private/var/folders/lw/83_wpdv92g5ff57h6hflw6wr0000gp/T/fm-control-relaunch.tPv2EZ/poolsame-21265/home/state/rl51.git-hooks/sendemail-validate: Permission denied
rm: /private/var/folders/lw/83_wpdv92g5ff57h6hflw6wr0000gp/T/fm-control-relaunch.tPv2EZ/poolsame-21265/home/state/rl51.git-hooks/applypatch-msg: Permission denied
rm: /private/var/folders/lw/83_wpdv92g5ff57h6hflw6wr0000gp/T/fm-control-relaunch.tPv2EZ/poolsame-21265/home/state/rl51.git-hooks/prepare-commit-msg: Permission denied
rm: /private/var/folders/lw/83_wpdv92g5ff57h6hflw6wr0000gp/T/fm-control-relaunch.tPv2EZ/poolsame-21265/home/state/rl51.git-hooks/post-checkout: Permission denied
rm: /private/var/folders/lw/83_wpdv92g5ff57h6hflw6wr0000gp/T/fm-control-relaunch.tPv2EZ/poolsame-21265/home/state/rl51.git-hooks/post-applypatch: Permission denied
rm: /private/var/folders/lw/83_wpdv92g5ff57h6hflw6wr0000gp/T/fm-control-relaunch.tPv2EZ/poolsame-21265/home/state/rl51.git-hooks/post-rewrite: Permission denied
rm: /private/var/folders/lw/83_wpdv92g5ff57h6hflw6wr0000gp/T/fm-control-relaunch.tPv2EZ/poolsame-21265/home/state/rl51.git-hooks/commit-msg: Permission denied
rm: /private/var/folders/lw/83_wpdv92g5ff57h6hflw6wr0000gp/T/fm-control-relaunch.tPv2EZ/poolsame-21265/home/state/rl51.git-hooks/pre-push: Permission denied
rm: /private/var/folders/lw/83_wpdv92g5ff57h6hflw6wr0000gp/T/fm-control-relaunch.tPv2EZ/poolsame-21265/home/state/rl51.git-hooks/post-merge: Permission denied
rm: /private/var/folders/lw/83_wpdv92g5ff57h6hflw6wr0000gp/T/fm-control-relaunch.tPv2EZ/poolsame-21265/home/state/rl51.git-hooks/pre-commit: Permission denied
rm: /private/var/folders/lw/83_wpdv92g5ff57h6hflw6wr0000gp/T/fm-control-relaunch.tPv2EZ/poolsame-21265/home/state/rl51.git-hooks: Directory not empty
rm: /private/var/folders/lw/83_wpdv92g5ff57h6hflw6wr0000gp/T/fm-control-relaunch.tPv2EZ/poolsame-21265/home/state: Directory not empty
rm: /private/var/folders/lw/83_wpdv92g5ff57h6hflw6wr0000gp/T/fm-control-relaunch.tPv2EZ/poolsame-21265/home: Directory not empty
rm: /private/var/folders/lw/83_wpdv92g5ff57h6hflw6wr0000gp/T/fm-control-relaunch.tPv2EZ/poolsame-21265: Directory not empty
rm: /private/var/folders/lw/83_wpdv92g5ff57h6hflw6wr0000gp/T/fm-control-relaunch.tPv2EZ/host-existing-relaunch-20197/smhome/state/parent-route/sm67.git-hooks/pre-rebase: Permission denied
rm: /private/var/folders/lw/83_wpdv92g5ff57h6hflw6wr0000gp/T/fm-control-relaunch.tPv2EZ/host-existing-relaunch-20197/smhome/state/parent-route/sm67.git-hooks/pre-applypatch: Permission denied
rm: /private/var/folders/lw/83_wpdv92g5ff57h6hflw6wr0000gp/T/fm-control-relaunch.tPv2EZ/host-existing-relaunch-20197/smhome/state/parent-route/sm67.git-hooks/pre-auto-gc: Permission denied
rm: /private/var/folders/lw/83_wpdv92g5ff57h6hflw6wr0000gp/T/fm-control-relaunch.tPv2EZ/host-existing-relaunch-20197/smhome/state/parent-route/sm67.git-hooks/pre-merge-commit: Permission denied
rm: /private/var/folders/lw/83_wpdv92g5ff57h6hflw6wr0000gp/T/fm-control-relaunch.tPv2EZ/host-existing-relaunch-20197/smhome/state/parent-route/sm67.git-hooks/post-commit: Permission denied
rm: /private/var/folders/lw/83_wpdv92g5ff57h6hflw6wr0000gp/T/fm-control-relaunch.tPv2EZ/host-existing-relaunch-20197/smhome/state/parent-route/sm67.git-hooks/sendemail-validate: Permission denied
rm: /private/var/folders/lw/83_wpdv92g5ff57h6hflw6wr0000gp/T/fm-control-relaunch.tPv2EZ/host-existing-relaunch-20197/smhome/state/parent-route/sm67.git-hooks/applypatch-msg: Permission denied
rm: /private/var/folders/lw/83_wpdv92g5ff57h6hflw6wr0000gp/T/fm-control-relaunch.tPv2EZ/host-existing-relaunch-20197/smhome/state/parent-route/sm67.git-hooks/prepare-commit-msg: Permission denied
rm: /private/var/folders/lw/83_wpdv92g5ff57h6hflw6wr0000gp/T/fm-control-relaunch.tPv2EZ/host-existing-relaunch-20197/smhome/state/parent-route/sm67.git-hooks/post-checkout: Permission denied
rm: /private/var/folders/lw/83_wpdv92g5ff57h6hflw6wr0000gp/T/fm-control-relaunch.tPv2EZ/host-existing-relaunch-20197/smhome/state/parent-route/sm67.git-hooks/post-applypatch: Permission denied
rm: /private/var/folders/lw/83_wpdv92g5ff57h6hflw6wr0000gp/T/fm-control-relaunch.tPv2EZ/host-existing-relaunch-20197/smhome/state/parent-route/sm67.git-hooks/post-rewrite: Permission denied
rm: /private/var/folders/lw/83_wpdv92g5ff57h6hflw6wr0000gp/T/fm-control-relaunch.tPv2EZ/host-existing-relaunch-20197/smhome/state/parent-route/sm67.git-hooks/commit-msg: Permission denied
rm: /private/var/folders/lw/83_wpdv92g5ff57h6hflw6wr0000gp/T/fm-control-relaunch.tPv2EZ/host-existing-relaunch-20197/smhome/state/parent-route/sm67.git-hooks/pre-push: Permission denied
rm: /private/var/folders/lw/83_wpdv92g5ff57h6hflw6wr0000gp/T/fm-control-relaunch.tPv2EZ/host-existing-relaunch-20197/smhome/state/parent-route/sm67.git-hooks/post-merge: Permission denied
rm: /private/var/folders/lw/83_wpdv92g5ff57h6hflw6wr0000gp/T/fm-control-relaunch.tPv2EZ/host-existing-relaunch-20197/smhome/state/parent-route/sm67.git-hooks/pre-commit: Permission denied
rm: /private/var/folders/lw/83_wpdv92g5ff57h6hflw6wr0000gp/T/fm-control-relaunch.tPv2EZ/host-existing-relaunch-20197/smhome/state/parent-route/sm67.git-hooks: Directory not empty
rm: /private/var/folders/lw/83_wpdv92g5ff57h6hflw6wr0000gp/T/fm-control-relaunch.tPv2EZ/host-existing-relaunch-20197/smhome/state/parent-route: Directory not empty
rm: /private/var/folders/lw/83_wpdv92g5ff57h6hflw6wr0000gp/T/fm-control-relaunch.tPv2EZ/host-existing-relaunch-20197/smhome/state: Directory not empty
rm: /private/var/folders/lw/83_wpdv92g5ff57h6hflw6wr0000gp/T/fm-control-relaunch.tPv2EZ/host-existing-relaunch-20197/smhome: Directory not empty
rm: /private/var/folders/lw/83_wpdv92g5ff57h6hflw6wr0000gp/T/fm-control-relaunch.tPv2EZ/host-existing-relaunch-20197: Directory not empty
rm: /private/var/folders/lw/83_wpdv92g5ff57h6hflw6wr0000gp/T/fm-control-relaunch.tPv2EZ/legacy-secondmate-1582/home/state/rl66.git-hooks/pre-rebase: Permission denied
rm: /private/var/folders/lw/83_wpdv92g5ff57h6hflw6wr0000gp/T/fm-control-relaunch.tPv2EZ/legacy-secondmate-1582/home/state/rl66.git-hooks/pre-applypatch: Permission denied
rm: /private/var/folders/lw/83_wpdv92g5ff57h6hflw6wr0000gp/T/fm-control-relaunch.tPv2EZ/legacy-secondmate-1582/home/state/rl66.git-hooks/pre-auto-gc: Permission denied
rm: /private/var/folders/lw/83_wpdv92g5ff57h6hflw6wr0000gp/T/fm-control-relaunch.tPv2EZ/legacy-secondmate-1582/home/state/rl66.git-hooks/pre-merge-commit: Permission denied
rm: /private/var/folders/lw/83_wpdv92g5ff57h6hflw6wr0000gp/T/fm-control-relaunch.tPv2EZ/legacy-secondmate-1582/home/state/rl66.git-hooks/post-commit: Permission denied
rm: /private/var/folders/lw/83_wpdv92g5ff57h6hflw6wr0000gp/T/fm-control-relaunch.tPv2EZ/legacy-secondmate-1582/home/state/rl66.git-hooks/sendemail-validate: Permission denied
rm: /private/var/folders/lw/83_wpdv92g5ff57h6hflw6wr0000gp/T/fm-control-relaunch.tPv2EZ/legacy-secondmate-1582/home/state/rl66.git-hooks/applypatch-msg: Permission denied
rm: /private/var/folders/lw/83_wpdv92g5ff57h6hflw6wr0000gp/T/fm-control-relaunch.tPv2EZ/legacy-secondmate-1582/home/state/rl66.git-hooks/prepare-commit-msg: Permission denied
rm: /private/var/folders/lw/83_wpdv92g5ff57h6hflw6wr0000gp/T/fm-control-relaunch.tPv2EZ/legacy-secondmate-1582/home/state/rl66.git-hooks/post-checkout: Permission denied
rm: /private/var/folders/lw/83_wpdv92g5ff57h6hflw6wr0000gp/T/fm-control-relaunch.tPv2EZ/legacy-secondmate-1582/home/state/rl66.git-hooks/post-applypatch: Permission denied
rm: /private/var/folders/lw/83_wpdv92g5ff57h6hflw6wr0000gp/T/fm-control-relaunch.tPv2EZ/legacy-secondmate-1582/home/state/rl66.git-hooks/post-rewrite: Permission denied
rm: /private/var/folders/lw/83_wpdv92g5ff57h6hflw6wr0000gp/T/fm-control-relaunch.tPv2EZ/legacy-secondmate-1582/home/state/rl66.git-hooks/commit-msg: Permission denied
rm: /private/var/folders/lw/83_wpdv92g5ff57h6hflw6wr0000gp/T/fm-control-relaunch.tPv2EZ/legacy-secondmate-1582/home/state/rl66.git-hooks/pre-push: Permission denied
rm: /private/var/folders/lw/83_wpdv92g5ff57h6hflw6wr0000gp/T/fm-control-relaunch.tPv2EZ/legacy-secondmate-1582/home/state/rl66.git-hooks/post-merge: Permission denied
rm: /private/var/folders/lw/83_wpdv92g5ff57h6hflw6wr0000gp/T/fm-control-relaunch.tPv2EZ/legacy-secondmate-1582/home/state/rl66.git-hooks/pre-commit: Permission denied
rm: /private/var/folders/lw/83_wpdv92g5ff57h6hflw6wr0000gp/T/fm-control-relaunch.tPv2EZ/legacy-secondmate-1582/home/state/rl66.git-hooks: Directory not empty
rm: /private/var/folders/lw/83_wpdv92g5ff57h6hflw6wr0000gp/T/fm-control-relaunch.tPv2EZ/legacy-secondmate-1582/home/state: Directory not empty
rm: /private/var/folders/lw/83_wpdv92g5ff57h6hflw6wr0000gp/T/fm-control-relaunch.tPv2EZ/legacy-secondmate-1582/home: Directory not empty
rm: /private/var/folders/lw/83_wpdv92g5ff57h6hflw6wr0000gp/T/fm-control-relaunch.tPv2EZ/legacy-secondmate-1582: Directory not empty
rm: /private/var/folders/lw/83_wpdv92g5ff57h6hflw6wr0000gp/T/fm-control-relaunch.tPv2EZ/legacy-scout-2796/home/state/rl66.git-hooks/pre-rebase: Permission denied
rm: /private/var/folders/lw/83_wpdv92g5ff57h6hflw6wr0000gp/T/fm-control-relaunch.tPv2EZ/legacy-scout-2796/home/state/rl66.git-hooks/pre-applypatch: Permission denied
rm: /private/var/folders/lw/83_wpdv92g5ff57h6hflw6wr0000gp/T/fm-control-relaunch.tPv2EZ/legacy-scout-2796/home/state/rl66.git-hooks/pre-auto-gc: Permission denied
rm: /private/var/folders/lw/83_wpdv92g5ff57h6hflw6wr0000gp/T/fm-control-relaunch.tPv2EZ/legacy-scout-2796/home/state/rl66.git-hooks/pre-merge-commit: Permission denied
rm: /private/var/folders/lw/83_wpdv92g5ff57h6hflw6wr0000gp/T/fm-control-relaunch.tPv2EZ/legacy-scout-2796/home/state/rl66.git-hooks/post-commit: Permission denied
rm: /private/var/folders/lw/83_wpdv92g5ff57h6hflw6wr0000gp/T/fm-control-relaunch.tPv2EZ/legacy-scout-2796/home/state/rl66.git-hooks/sendemail-validate: Permission denied
rm: /private/var/folders/lw/83_wpdv92g5ff57h6hflw6wr0000gp/T/fm-control-relaunch.tPv2EZ/legacy-scout-2796/home/state/rl66.git-hooks/applypatch-msg: Permission denied
rm: /private/var/folders/lw/83_wpdv92g5ff57h6hflw6wr0000gp/T/fm-control-relaunch.tPv2EZ/legacy-scout-2796/home/state/rl66.git-hooks/prepare-commit-msg: Permission denied
rm: /private/var/folders/lw/83_wpdv92g5ff57h6hflw6wr0000gp/T/fm-control-relaunch.tPv2EZ/legacy-scout-2796/home/state/rl66.git-hooks/post-checkout: Permission denied
rm: /private/var/folders/lw/83_wpdv92g5ff57h6hflw6wr0000gp/T/fm-control-relaunch.tPv2EZ/legacy-scout-2796/home/state/rl66.git-hooks/post-applypatch: Permission denied
rm: /private/var/folders/lw/83_wpdv92g5ff57h6hflw6wr0000gp/T/fm-control-relaunch.tPv2EZ/legacy-scout-2796/home/state/rl66.git-hooks/post-rewrite: Permission denied
rm: /private/var/folders/lw/83_wpdv92g5ff57h6hflw6wr0000gp/T/fm-control-relaunch.tPv2EZ/legacy-scout-2796/home/state/rl66.git-hooks/commit-msg: Permission denied
rm: /private/var/folders/lw/83_wpdv92g5ff57h6hflw6wr0000gp/T/fm-control-relaunch.tPv2EZ/legacy-scout-2796/home/state/rl66.git-hooks/pre-push: Permission denied
rm: /private/var/folders/lw/83_wpdv92g5ff57h6hflw6wr0000gp/T/fm-control-relaunch.tPv2EZ/legacy-scout-2796/home/state/rl66.git-hooks/post-merge: Permission denied
rm: /private/var/folders/lw/83_wpdv92g5ff57h6hflw6wr0000gp/T/fm-control-relaunch.tPv2EZ/legacy-scout-2796/home/state/rl66.git-hooks/pre-commit: Permission denied
rm: /private/var/folders/lw/83_wpdv92g5ff57h6hflw6wr0000gp/T/fm-control-relaunch.tPv2EZ/legacy-scout-2796/home/state/rl66.git-hooks: Directory not empty
rm: /private/var/folders/lw/83_wpdv92g5ff57h6hflw6wr0000gp/T/fm-control-relaunch.tPv2EZ/legacy-scout-2796/home/state: Directory not empty
rm: /private/var/folders/lw/83_wpdv92g5ff57h6hflw6wr0000gp/T/fm-control-relaunch.tPv2EZ/legacy-scout-2796/home: Directory not empty
rm: /private/var/folders/lw/83_wpdv92g5ff57h6hflw6wr0000gp/T/fm-control-relaunch.tPv2EZ/legacy-scout-2796: Directory not empty
rm: /private/var/folders/lw/83_wpdv92g5ff57h6hflw6wr0000gp/T/fm-control-relaunch.tPv2EZ/standalone-secondmate-13343/home/state/rl64.git-hooks/pre-rebase: Permission denied
rm: /private/var/folders/lw/83_wpdv92g5ff57h6hflw6wr0000gp/T/fm-control-relaunch.tPv2EZ/standalone-secondmate-13343/home/state/rl64.git-hooks/pre-applypatch: Permission denied
rm: /private/var/folders/lw/83_wpdv92g5ff57h6hflw6wr0000gp/T/fm-control-relaunch.tPv2EZ/standalone-secondmate-13343/home/state/rl64.git-hooks/pre-auto-gc: Permission denied
rm: /private/var/folders/lw/83_wpdv92g5ff57h6hflw6wr0000gp/T/fm-control-relaunch.tPv2EZ/standalone-secondmate-13343/home/state/rl64.git-hooks/pre-merge-commit: Permission denied
rm: /private/var/folders/lw/83_wpdv92g5ff57h6hflw6wr0000gp/T/fm-control-relaunch.tPv2EZ/standalone-secondmate-13343/home/state/rl64.git-hooks/post-commit: Permission denied
rm: /private/var/folders/lw/83_wpdv92g5ff57h6hflw6wr0000gp/T/fm-control-relaunch.tPv2EZ/standalone-secondmate-13343/home/state/rl64.git-hooks/sendemail-validate: Permission denied
rm: /private/var/folders/lw/83_wpdv92g5ff57h6hflw6wr0000gp/T/fm-control-relaunch.tPv2EZ/standalone-secondmate-13343/home/state/rl64.git-hooks/applypatch-msg: Permission denied
rm: /private/var/folders/lw/83_wpdv92g5ff57h6hflw6wr0000gp/T/fm-control-relaunch.tPv2EZ/standalone-secondmate-13343/home/state/rl64.git-hooks/prepare-commit-msg: Permission denied
rm: /private/var/folders/lw/83_wpdv92g5ff57h6hflw6wr0000gp/T/fm-control-relaunch.tPv2EZ/standalone-secondmate-13343/home/state/rl64.git-hooks/post-checkout: Permission denied
rm: /private/var/folders/lw/83_wpdv92g5ff57h6hflw6wr0000gp/T/fm-control-relaunch.tPv2EZ/standalone-secondmate-13343/home/state/rl64.git-hooks/post-applypatch: Permission denied
rm: /private/var/folders/lw/83_wpdv92g5ff57h6hflw6wr0000gp/T/fm-control-relaunch.tPv2EZ/standalone-secondmate-13343/home/state/rl64.git-hooks/post-rewrite: Permission denied
rm: /private/var/folders/lw/83_wpdv92g5ff57h6hflw6wr0000gp/T/fm-control-relaunch.tPv2EZ/standalone-secondmate-13343/home/state/rl64.git-hooks/commit-msg: Permission denied
rm: /private/var/folders/lw/83_wpdv92g5ff57h6hflw6wr0000gp/T/fm-control-relaunch.tPv2EZ/standalone-secondmate-13343/home/state/rl64.git-hooks/pre-push: Permission denied
rm: /private/var/folders/lw/83_wpdv92g5ff57h6hflw6wr0000gp/T/fm-control-relaunch.tPv2EZ/standalone-secondmate-13343/home/state/rl64.git-hooks/post-merge: Permission denied
rm: /private/var/folders/lw/83_wpdv92g5ff57h6hflw6wr0000gp/T/fm-control-relaunch.tPv2EZ/standalone-secondmate-13343/home/state/rl64.git-hooks/pre-commit: Permission denied
rm: /private/var/folders/lw/83_wpdv92g5ff57h6hflw6wr0000gp/T/fm-control-relaunch.tPv2EZ/standalone-secondmate-13343/home/state/rl64.git-hooks: Directory not empty
rm: /private/var/folders/lw/83_wpdv92g5ff57h6hflw6wr0000gp/T/fm-control-relaunch.tPv2EZ/standalone-secondmate-13343/home/state: Directory not empty
rm: /private/var/folders/lw/83_wpdv92g5ff57h6hflw6wr0000gp/T/fm-control-relaunch.tPv2EZ/standalone-secondmate-13343/home: Directory not empty
rm: /private/var/folders/lw/83_wpdv92g5ff57h6hflw6wr0000gp/T/fm-control-relaunch.tPv2EZ/standalone-secondmate-13343: Directory not empty
rm: /private/var/folders/lw/83_wpdv92g5ff57h6hflw6wr0000gp/T/fm-control-relaunch.tPv2EZ/host-alias-stop-31978/home/state/sm68.git-hooks/pre-rebase: Permission denied
rm: /private/var/folders/lw/83_wpdv92g5ff57h6hflw6wr0000gp/T/fm-control-relaunch.tPv2EZ/host-alias-stop-31978/home/state/sm68.git-hooks/pre-applypatch: Permission denied
rm: /private/var/folders/lw/83_wpdv92g5ff57h6hflw6wr0000gp/T/fm-control-relaunch.tPv2EZ/host-alias-stop-31978/home/state/sm68.git-hooks/pre-auto-gc: Permission denied
rm: /private/var/folders/lw/83_wpdv92g5ff57h6hflw6wr0000gp/T/fm-control-relaunch.tPv2EZ/host-alias-stop-31978/home/state/sm68.git-hooks/pre-merge-commit: Permission denied
rm: /private/var/folders/lw/83_wpdv92g5ff57h6hflw6wr0000gp/T/fm-control-relaunch.tPv2EZ/host-alias-stop-31978/home/state/sm68.git-hooks/post-commit: Permission denied
rm: /private/var/folders/lw/83_wpdv92g5ff57h6hflw6wr0000gp/T/fm-control-relaunch.tPv2EZ/host-alias-stop-31978/home/state/sm68.git-hooks/sendemail-validate: Permission denied
rm: /private/var/folders/lw/83_wpdv92g5ff57h6hflw6wr0000gp/T/fm-control-relaunch.tPv2EZ/host-alias-stop-31978/home/state/sm68.git-hooks/applypatch-msg: Permission denied
rm: /private/var/folders/lw/83_wpdv92g5ff57h6hflw6wr0000gp/T/fm-control-relaunch.tPv2EZ/host-alias-stop-31978/home/state/sm68.git-hooks/prepare-commit-msg: Permission denied
rm: /private/var/folders/lw/83_wpdv92g5ff57h6hflw6wr0000gp/T/fm-control-relaunch.tPv2EZ/host-alias-stop-31978/home/state/sm68.git-hooks/post-checkout: Permission denied
rm: /private/var/folders/lw/83_wpdv92g5ff57h6hflw6wr0000gp/T/fm-control-relaunch.tPv2EZ/host-alias-stop-31978/home/state/sm68.git-hooks/post-applypatch: Permission denied
rm: /private/var/folders/lw/83_wpdv92g5ff57h6hflw6wr0000gp/T/fm-control-relaunch.tPv2EZ/host-alias-stop-31978/home/state/sm68.git-hooks/post-rewrite: Permission denied
rm: /private/var/folders/lw/83_wpdv92g5ff57h6hflw6wr0000gp/T/fm-control-relaunch.tPv2EZ/host-alias-stop-31978/home/state/sm68.git-hooks/commit-msg: Permission denied
rm: /private/var/folders/lw/83_wpdv92g5ff57h6hflw6wr0000gp/T/fm-control-relaunch.tPv2EZ/host-alias-stop-31978/home/state/sm68.git-hooks/pre-push: Permission denied
rm: /private/var/folders/lw/83_wpdv92g5ff57h6hflw6wr0000gp/T/fm-control-relaunch.tPv2EZ/host-alias-stop-31978/home/state/sm68.git-hooks/post-merge: Permission denied
rm: /private/var/folders/lw/83_wpdv92g5ff57h6hflw6wr0000gp/T/fm-control-relaunch.tPv2EZ/host-alias-stop-31978/home/state/sm68.git-hooks/pre-commit: Permission denied
rm: /private/var/folders/lw/83_wpdv92g5ff57h6hflw6wr0000gp/T/fm-control-relaunch.tPv2EZ/host-alias-stop-31978/home/state/sm68.git-hooks: Directory not empty
rm: /private/var/folders/lw/83_wpdv92g5ff57h6hflw6wr0000gp/T/fm-control-relaunch.tPv2EZ/host-alias-stop-31978/home/state: Directory not empty
rm: /private/var/folders/lw/83_wpdv92g5ff57h6hflw6wr0000gp/T/fm-control-relaunch.tPv2EZ/host-alias-stop-31978/home: Directory not empty
rm: /private/var/folders/lw/83_wpdv92g5ff57h6hflw6wr0000gp/T/fm-control-relaunch.tPv2EZ/host-alias-stop-31978: Directory not empty
rm: /private/var/folders/lw/83_wpdv92g5ff57h6hflw6wr0000gp/T/fm-control-relaunch.tPv2EZ/host-existing-launch-27033/smhome/state/parent-route/sm67.git-hooks/pre-rebase: Permission denied
rm: /private/var/folders/lw/83_wpdv92g5ff57h6hflw6wr0000gp/T/fm-control-relaunch.tPv2EZ/host-existing-launch-27033/smhome/state/parent-route/sm67.git-hooks/pre-applypatch: Permission denied
rm: /private/var/folders/lw/83_wpdv92g5ff57h6hflw6wr0000gp/T/fm-control-relaunch.tPv2EZ/host-existing-launch-27033/smhome/state/parent-route/sm67.git-hooks/pre-auto-gc: Permission denied
rm: /private/var/folders/lw/83_wpdv92g5ff57h6hflw6wr0000gp/T/fm-control-relaunch.tPv2EZ/host-existing-launch-27033/smhome/state/parent-route/sm67.git-hooks/pre-merge-commit: Permission denied
rm: /private/var/folders/lw/83_wpdv92g5ff57h6hflw6wr0000gp/T/fm-control-relaunch.tPv2EZ/host-existing-launch-27033/smhome/state/parent-route/sm67.git-hooks/post-commit: Permission denied
rm: /private/var/folders/lw/83_wpdv92g5ff57h6hflw6wr0000gp/T/fm-control-relaunch.tPv2EZ/host-existing-launch-27033/smhome/state/parent-route/sm67.git-hooks/sendemail-validate: Permission denied
rm: /private/var/folders/lw/83_wpdv92g5ff57h6hflw6wr0000gp/T/fm-control-relaunch.tPv2EZ/host-existing-launch-27033/smhome/state/parent-route/sm67.git-hooks/applypatch-msg: Permission denied
rm: /private/var/folders/lw/83_wpdv92g5ff57h6hflw6wr0000gp/T/fm-control-relaunch.tPv2EZ/host-existing-launch-27033/smhome/state/parent-route/sm67.git-hooks/prepare-commit-msg: Permission denied
rm: /private/var/folders/lw/83_wpdv92g5ff57h6hflw6wr0000gp/T/fm-control-relaunch.tPv2EZ/host-existing-launch-27033/smhome/state/parent-route/sm67.git-hooks/post-checkout: Permission denied
rm: /private/var/folders/lw/83_wpdv92g5ff57h6hflw6wr0000gp/T/fm-control-relaunch.tPv2EZ/host-existing-launch-27033/smhome/state/parent-route/sm67.git-hooks/post-applypatch: Permission denied
rm: /private/var/folders/lw/83_wpdv92g5ff57h6hflw6wr0000gp/T/fm-control-relaunch.tPv2EZ/host-existing-launch-27033/smhome/state/parent-route/sm67.git-hooks/post-rewrite: Permission denied
rm: /private/var/folders/lw/83_wpdv92g5ff57h6hflw6wr0000gp/T/fm-control-relaunch.tPv2EZ/host-existing-launch-27033/smhome/state/parent-route/sm67.git-hooks/commit-msg: Permission denied
rm: /private/var/folders/lw/83_wpdv92g5ff57h6hflw6wr0000gp/T/fm-control-relaunch.tPv2EZ/host-existing-launch-27033/smhome/state/parent-route/sm67.git-hooks/pre-push: Permission denied
rm: /private/var/folders/lw/83_wpdv92g5ff57h6hflw6wr0000gp/T/fm-control-relaunch.tPv2EZ/host-existing-launch-27033/smhome/state/parent-route/sm67.git-hooks/post-merge: Permission denied
rm: /private/var/folders/lw/83_wpdv92g5ff57h6hflw6wr0000gp/T/fm-control-relaunch.tPv2EZ/host-existing-launch-27033/smhome/state/parent-route/sm67.git-hooks/pre-commit: Permission denied
rm: /private/var/folders/lw/83_wpdv92g5ff57h6hflw6wr0000gp/T/fm-control-relaunch.tPv2EZ/host-existing-launch-27033/smhome/state/parent-route/sm67.git-hooks: Directory not empty
rm: /private/var/folders/lw/83_wpdv92g5ff57h6hflw6wr0000gp/T/fm-control-relaunch.tPv2EZ/host-existing-launch-27033/smhome/state/parent-route: Directory not empty
rm: /private/var/folders/lw/83_wpdv92g5ff57h6hflw6wr0000gp/T/fm-control-relaunch.tPv2EZ/host-existing-launch-27033/smhome/state: Directory not empty
rm: /private/var/folders/lw/83_wpdv92g5ff57h6hflw6wr0000gp/T/fm-control-relaunch.tPv2EZ/host-existing-launch-27033/smhome: Directory not empty
rm: /private/var/folders/lw/83_wpdv92g5ff57h6hflw6wr0000gp/T/fm-control-relaunch.tPv2EZ/host-existing-launch-27033: Directory not empty
rm: /private/var/folders/lw/83_wpdv92g5ff57h6hflw6wr0000gp/T/fm-control-relaunch.tPv2EZ/smseat-20241/home/state/sm50.git-hooks/pre-rebase: Permission denied
rm: /private/var/folders/lw/83_wpdv92g5ff57h6hflw6wr0000gp/T/fm-control-relaunch.tPv2EZ/smseat-20241/home/state/sm50.git-hooks/pre-applypatch: Permission denied
rm: /private/var/folders/lw/83_wpdv92g5ff57h6hflw6wr0000gp/T/fm-control-relaunch.tPv2EZ/smseat-20241/home/state/sm50.git-hooks/pre-auto-gc: Permission denied
rm: /private/var/folders/lw/83_wpdv92g5ff57h6hflw6wr0000gp/T/fm-control-relaunch.tPv2EZ/smseat-20241/home/state/sm50.git-hooks/pre-merge-commit: Permission denied
rm: /private/var/folders/lw/83_wpdv92g5ff57h6hflw6wr0000gp/T/fm-control-relaunch.tPv2EZ/smseat-20241/home/state/sm50.git-hooks/post-commit: Permission denied
rm: /private/var/folders/lw/83_wpdv92g5ff57h6hflw6wr0000gp/T/fm-control-relaunch.tPv2EZ/smseat-20241/home/state/sm50.git-hooks/sendemail-validate: Permission denied
rm: /private/var/folders/lw/83_wpdv92g5ff57h6hflw6wr0000gp/T/fm-control-relaunch.tPv2EZ/smseat-20241/home/state/sm50.git-hooks/applypatch-msg: Permission denied
rm: /private/var/folders/lw/83_wpdv92g5ff57h6hflw6wr0000gp/T/fm-control-relaunch.tPv2EZ/smseat-20241/home/state/sm50.git-hooks/prepare-commit-msg: Permission denied
rm: /private/var/folders/lw/83_wpdv92g5ff57h6hflw6wr0000gp/T/fm-control-relaunch.tPv2EZ/smseat-20241/home/state/sm50.git-hooks/post-checkout: Permission denied
rm: /private/var/folders/lw/83_wpdv92g5ff57h6hflw6wr0000gp/T/fm-control-relaunch.tPv2EZ/smseat-20241/home/state/sm50.git-hooks/post-applypatch: Permission denied
rm: /private/var/folders/lw/83_wpdv92g5ff57h6hflw6wr0000gp/T/fm-control-relaunch.tPv2EZ/smseat-20241/home/state/sm50.git-hooks/post-rewrite: Permission denied
rm: /private/var/folders/lw/83_wpdv92g5ff57h6hflw6wr0000gp/T/fm-control-relaunch.tPv2EZ/smseat-20241/home/state/sm50.git-hooks/commit-msg: Permission denied
rm: /private/var/folders/lw/83_wpdv92g5ff57h6hflw6wr0000gp/T/fm-control-relaunch.tPv2EZ/smseat-20241/home/state/sm50.git-hooks/pre-push: Permission denied
rm: /private/var/folders/lw/83_wpdv92g5ff57h6hflw6wr0000gp/T/fm-control-relaunch.tPv2EZ/smseat-20241/home/state/sm50.git-hooks/post-merge: Permission denied
rm: /private/var/folders/lw/83_wpdv92g5ff57h6hflw6wr0000gp/T/fm-control-relaunch.tPv2EZ/smseat-20241/home/state/sm50.git-hooks/pre-commit: Permission denied
rm: /private/var/folders/lw/83_wpdv92g5ff57h6hflw6wr0000gp/T/fm-control-relaunch.tPv2EZ/smseat-20241/home/state/sm50.git-hooks: Directory not empty
rm: /private/var/folders/lw/83_wpdv92g5ff57h6hflw6wr0000gp/T/fm-control-relaunch.tPv2EZ/smseat-20241/home/state: Directory not empty
rm: /private/var/folders/lw/83_wpdv92g5ff57h6hflw6wr0000gp/T/fm-control-relaunch.tPv2EZ/smseat-20241/home: Directory not empty
rm: /private/var/folders/lw/83_wpdv92g5ff57h6hflw6wr0000gp/T/fm-control-relaunch.tPv2EZ/smseat-20241: Directory not empty
rm: /private/var/folders/lw/83_wpdv92g5ff57h6hflw6wr0000gp/T/fm-control-relaunch.tPv2EZ: Directory not empty
