ok - without config/fleet-seats a reservation is a silent no-op
ok - path-like pool names refuse while ordinary dotted names reserve
ok - legacy default, empty, and missing models occupy every declared pool
ok - the primary and a local secondmate share one capacity and pre-existing agents count
ok - nested local homes count existing agents once and refuse ambiguous occupancy
ok - live pooled supervisors keep seats while idle and release them on death or model exit
ok - declared pools reject harness defaults and raw launch commands
ok - maintenance reclaims a proven-undispatched reservation while a live task record keeps its seat
ok - twelve simultaneous reservations from two homes grant exactly six seats
ok - a held lock, a dead holder, a missing or unreadable home, and malformed records refuse
ok - the primary requires a current policy and readable snapshot for every remote
ok - primary, local, and remote homes share one capacity; remote grants, denials, retries, and proven release hold
ok - an unreachable remote keeps its counted seats and an unanswered remote request refuses
ok - declared remote launches require current confirmation and clearing restores opt-out
ok - newly pooled and moved models refuse stale remote requests before a current grant
ok - an in-flight remote seat follows its model across pools and frees only on proven release
ok - undeclared and cleared remote policies leave launches unchanged
ok - simultaneous remote and local reservations grant exactly the fleet capacity
ok - the primary watcher's poll grants a waiting remote request
ok - a pooled spawn into a full pool refuses before any record, and another route still launches
ok - spawn rejects unverified default and raw-command models before publication
ok - a spawned pooled worker holds its seat until cleanup releases its generation
ok - a secondmate supervisor on a pooled model needs a seat to launch
ok - a buffered supervisor launch keeps its seat until it starts and later dies
ok - only a proven endpoint cancellation frees a submitted launch
ok - one lifecycle episode excludes other supervisor mutations and stale evidence never frees a newer generation
ok - seat collection completes without waiting on task metadata locks
ok - serve epochs fence lost, late, replayed, and truncated responses
ok - hidden pool names reach every path and invalid names refuse before any write
ok - same-pool handoffs keep one seat, cross-pool candidates need destination capacity, and counting follows the current policy
ok - managed records follow the ledger, conflicts and malformed ledgers refuse, and v1 reservations import once
ok - cleanup releases exactly its own generation and stale cleanup never frees a successor
ok - confirmed absence needs destruction proof and policy removal preserves cleanup
ok - replacement retains buffered predecessors until confirmed startup and subsequent death
ok - terminal generations never revive and removed aliases refuse
ok - serve delivery permits concurrent fleet transitions and publishes its fenced certificate
ok - unpooled grants are materialized before certificates and remain counted across policy changes
ok - remote certificates and descendant transitions share one host authority
ok - policy opt-out preserves existing holder handoffs and leaves new admissions untracked
ok - terminal holders record local and remote opt-out readmissions without reviving old generations or undercounting defaults
ok - bounded reconciliation rotates across watcher ticks and retains every uncertain launch
ok - validated legacy routes confirm and recover, while invalid endpoint evidence stays counted
