
added 2 packages in 3s
npm warn install-scripts 3 packages have install scripts not yet covered by allowScripts:
npm warn install-scripts   @google/genai@2.21.0 (preinstall: echo 'preinstall: no-op')
npm warn install-scripts   esbuild@0.28.2 (postinstall: node install.js)
npm warn install-scripts   protobufjs@7.6.6 (postinstall: node scripts/postinstall)
npm warn install-scripts
npm warn install-scripts Run `npm install-scripts ls` to review, or `npm install-scripts approve <pkg>` to allow.
Downloading Chrome for Testing 153.0.8010.12 (playwright chromium v1243)[2m from https://cdn.playwright.dev/builds/cft/153.0.8010.12/mac-arm64/chrome-mac-arm64.zip[22m
|                                                                                |   0% of 182.1 MiB
|■■■■■■■■                                                                        |  10% of 182.1 MiB
|■■■■■■■■■■■■■■■■                                                                |  20% of 182.1 MiB
|■■■■■■■■■■■■■■■■■■■■■■■■                                                        |  30% of 182.1 MiB
|■■■■■■■■■■■■■■■■■■■■■■■■■■■■■■■■                                                |  40% of 182.1 MiB
|■■■■■■■■■■■■■■■■■■■■■■■■■■■■■■■■■■■■■■■■                                        |  50% of 182.1 MiB
|■■■■■■■■■■■■■■■■■■■■■■■■■■■■■■■■■■■■■■■■■■■■■■■■                                |  60% of 182.1 MiB
|■■■■■■■■■■■■■■■■■■■■■■■■■■■■■■■■■■■■■■■■■■■■■■■■■■■■■■■■                        |  70% of 182.1 MiB
|■■■■■■■■■■■■■■■■■■■■■■■■■■■■■■■■■■■■■■■■■■■■■■■■■■■■■■■■■■■■■■■■                |  80% of 182.1 MiB
|■■■■■■■■■■■■■■■■■■■■■■■■■■■■■■■■■■■■■■■■■■■■■■■■■■■■■■■■■■■■■■■■■■■■■■■■        |  90% of 182.1 MiB
|■■■■■■■■■■■■■■■■■■■■■■■■■■■■■■■■■■■■■■■■■■■■■■■■■■■■■■■■■■■■■■■■■■■■■■■■■■■■■■■■| 100% of 182.1 MiB
Chrome for Testing 153.0.8010.12 (playwright chromium v1243) downloaded to /Users/kesslerio/.no-mistakes/worktrees/8036f35f7c08/01M3RK3ZC6HPM3EB47S4VX8T41/.no-mistakes/test-phase/browsers/chromium-1243
Downloading FFmpeg (playwright ffmpeg v1011)[2m from https://cdn.playwright.dev/dbazure/download/playwright/builds/ffmpeg/1011/ffmpeg-mac-arm64.zip[22m
|                                                                                |   0% of 1 MiB
|■■■■■■■■                                                                        |  11% of 1 MiB
|■■■■■■■■■■■■■■■■                                                                |  20% of 1 MiB
|■■■■■■■■■■■■■■■■■■■■■■■■                                                        |  30% of 1 MiB
|■■■■■■■■■■■■■■■■■■■■■■■■■■■■■■■■                                                |  41% of 1 MiB
|■■■■■■■■■■■■■■■■■■■■■■■■■■■■■■■■■■■■■■■■                                        |  50% of 1 MiB
|■■■■■■■■■■■■■■■■■■■■■■■■■■■■■■■■■■■■■■■■■■■■■■■■                                |  60% of 1 MiB
|■■■■■■■■■■■■■■■■■■■■■■■■■■■■■■■■■■■■■■■■■■■■■■■■■■■■■■■■                        |  71% of 1 MiB
|■■■■■■■■■■■■■■■■■■■■■■■■■■■■■■■■■■■■■■■■■■■■■■■■■■■■■■■■■■■■■■■■                |  80% of 1 MiB
|■■■■■■■■■■■■■■■■■■■■■■■■■■■■■■■■■■■■■■■■■■■■■■■■■■■■■■■■■■■■■■■■■■■■■■■■        |  90% of 1 MiB
|■■■■■■■■■■■■■■■■■■■■■■■■■■■■■■■■■■■■■■■■■■■■■■■■■■■■■■■■■■■■■■■■■■■■■■■■■■■■■■■■| 100% of 1 MiB
FFmpeg (playwright ffmpeg v1011) downloaded to /Users/kesslerio/.no-mistakes/worktrees/8036f35f7c08/01M3RK3ZC6HPM3EB47S4VX8T41/.no-mistakes/test-phase/browsers/ffmpeg-1011
Downloading Chrome Headless Shell 153.0.8010.12 (playwright chromium-headless-shell v1243)[2m from https://cdn.playwright.dev/builds/cft/153.0.8010.12/mac-arm64/chrome-headless-shell-mac-arm64.zip[22m
|                                                                                |   0% of 94.3 MiB
|■■■■■■■■                                                                        |  10% of 94.3 MiB
|■■■■■■■■■■■■■■■■                                                                |  20% of 94.3 MiB
|■■■■■■■■■■■■■■■■■■■■■■■■                                                        |  30% of 94.3 MiB
|■■■■■■■■■■■■■■■■■■■■■■■■■■■■■■■■                                                |  40% of 94.3 MiB
|■■■■■■■■■■■■■■■■■■■■■■■■■■■■■■■■■■■■■■■■                                        |  50% of 94.3 MiB
|■■■■■■■■■■■■■■■■■■■■■■■■■■■■■■■■■■■■■■■■■■■■■■■■                                |  60% of 94.3 MiB
|■■■■■■■■■■■■■■■■■■■■■■■■■■■■■■■■■■■■■■■■■■■■■■■■■■■■■■■■                        |  70% of 94.3 MiB
|■■■■■■■■■■■■■■■■■■■■■■■■■■■■■■■■■■■■■■■■■■■■■■■■■■■■■■■■■■■■■■■■                |  80% of 94.3 MiB
|■■■■■■■■■■■■■■■■■■■■■■■■■■■■■■■■■■■■■■■■■■■■■■■■■■■■■■■■■■■■■■■■■■■■■■■■        |  90% of 94.3 MiB
|■■■■■■■■■■■■■■■■■■■■■■■■■■■■■■■■■■■■■■■■■■■■■■■■■■■■■■■■■■■■■■■■■■■■■■■■■■■■■■■■| 100% of 94.3 MiB
Chrome Headless Shell 153.0.8010.12 (playwright chromium-headless-shell v1243) downloaded to /Users/kesslerio/.no-mistakes/worktrees/8036f35f7c08/01M3RK3ZC6HPM3EB47S4VX8T41/.no-mistakes/test-phase/browsers/chromium_headless_shell-1243
