----------------------------------------
Exception occurred during processing of request from ('127.0.0.1', 33480)
Traceback (most recent call last):
  File "/nix/store/cdaifv92znxy5ai4sawricjl0p5b9sgf-python3-3.13.11/lib/python3.13/socketserver.py", line 697, in process_request_thread
    self.finish_request(request, client_address)
    ~~~~~~~~~~~~~~~~~~~^^^^^^^^^^^^^^^^^^^^^^^^^
  File "/nix/store/cdaifv92znxy5ai4sawricjl0p5b9sgf-python3-3.13.11/lib/python3.13/socketserver.py", line 362, in finish_request
    self.RequestHandlerClass(request, client_address, self)
    ~~~~~~~~~~~~~~~~~~~~~~~~^^^^^^^^^^^^^^^^^^^^^^^^^^^^^^^
  File "/nix/store/cdaifv92znxy5ai4sawricjl0p5b9sgf-python3-3.13.11/lib/python3.13/socketserver.py", line 766, in __init__
    self.handle()
    ~~~~~~~~~~~^^
  File "/nix/store/cdaifv92znxy5ai4sawricjl0p5b9sgf-python3-3.13.11/lib/python3.13/http/server.py", line 447, in handle
    self.handle_one_request()
    ~~~~~~~~~~~~~~~~~~~~~~~^^
  File "/nix/store/cdaifv92znxy5ai4sawricjl0p5b9sgf-python3-3.13.11/lib/python3.13/http/server.py", line 435, in handle_one_request
    method()
    ~~~~~~^^
  File "/home/art/.no-mistakes/evidence/01M3XZEBZYK15EMYAQS3FAYYSQ/live-drive.py", line 119, in do_CONNECT
    assert self.path in ('api.github.com:443', 'github.com:443'), self.path
           ^^^^^^^^^^^^^^^^^^^^^^^^^^^^^^^^^^^^^^^^^^^^^^^^^^^^^
AssertionError: cafe.github.com:443
----------------------------------------
[
  {
    "name": "Poll an owned PR with gh 2.45: later-page comments, reviews, inline feedback, checks and statuses are measured",
    "result": "pass",
    "live": true,
    "evidence": "pr-pagination.json; api-requests.json; live-transcript.log",
    "reason": ""
  },
  {
    "name": "Re-poll and acknowledge one captured signal: no duplicate wakes and only that token is removed",
    "result": "pass",
    "live": true,
    "evidence": "ack-and-repoll.json; live-transcript.log",
    "reason": ""
  },
  {
    "name": "Poll a filed issue with gh 2.45: later-page maintainer feedback and a ready-label timeline event survive filtering",
    "result": "pass",
    "live": true,
    "evidence": "issue-pagination.json; api-requests.json; live-transcript.log",
    "reason": ""
  },
  {
    "name": "A slow later page reaches the read deadline: prior evidence and wakes stay unchanged and a later normal poll recovers",
    "result": "pass",
    "live": true,
    "evidence": "slow-read-preserved.json; live-transcript.log",
    "reason": ""
  },
  {
    "name": "A malformed later page records one unavailable episode, preserves the last observation, and clears the error after recovery",
    "result": "pass",
    "live": true,
    "evidence": "malformed-page.json; recovered-page.json; live-transcript.log",
    "reason": ""
  },
  {
    "name": "A PR head changes between opening and closing reads: mixed-head evidence is refused",
    "result": "pass",
    "live": true,
    "evidence": "changed-head-refused.json; live-transcript.log",
    "reason": ""
  },
  {
    "name": "Poll the same paginated PR with the installed current gh CLI: compatibility and complete measurement are retained",
    "result": "pass",
    "live": true,
    "evidence": "current-gh-pagination.json; live-transcript.log",
    "reason": ""
  }
]
