FM_TEST_BEGIN 2026-09-30T07:34:37Z tests/fm-calm-pi-extension.test.sh family=pure-contract-unit expected_gate_skip=none
ok - Pi calm resolves its persistent home independently of Pi's launch directory
ok - Pi calm compatibility evidence never rejects a Pi version for being newer than 0.82.0, and still fails closed on a missing or malformed version
ok - a missing collapsed-thinking presentation API degrades only that Calm adapter with a clear skip reason, while the rest of Calm still registers
ok - missing Pi presentation class exports reach the independent adapter degradation path
ok - Calm hides queued Firstmate rows only on a session that can keep them, keeps hidden ones out of the editor on Escape, delivers them once in order, and leaves unsupported sessions and Calm off stock
ok - Calm registers none of its 7 built-in tool wrappers at load while config/calm is off, and all 7 synchronously at load while config/calm is on
ok - Calm's first same-session /calm activation claims every uncontested built-in, leaves a foreign bash tool fully intact and callable, warns prominently and logs the contested name, and only rows constructed before that activation - the documented bound - fail to retroactively collapse
ok - Pi calm centralizes transcript visibility, preserves execution/export data, keeps Pi's stock working row visible while no run is active, and persists its choice across session starts
ok - Pi calm on collapses mid-turn assistant working notes to zero height while Calm off keeps them, leaves streaming, truncated-final, and genuine final replies untouched, never mutates the messages, ignores every /calm argument, and restores a legacy persisted max as ordinary Calm on
error connecting to /Users/kesslerio/.no-mistakes/worktrees/8036f35f7c08/01M3RK3ZC6HPM3EB47S4VX8T41/.no-mistakes/test-phase/tmp/tmux-502/fm-calm-39367 (File name too long)
not ok - Pi follow-up loaded-on case (loaded_on) did not reach the ready composer
FM_TEST_END 2026-09-30T07:35:26Z tests/fm-calm-pi-extension.test.sh exit=1 duration_ms=49108 gate_skip=false
FM_TEST_BEGIN 2026-09-30T07:35:26Z tests/fm-pi-branch-extension.test.sh family=standalone expected_gate_skip=none
ok - fm_branch_outcomes and fm_branch_processed call headers match stock on Pi before and from 0.99
ok - fm_branch_outcomes hides through ToolExecutionComponent while Calm-off and HTML export stay stock
ok - the installed Pi still bounds the picker's list and ranks its search
ok - branch owns accepted wakes with a stable prefix and deterministic verdict-driven delivery
ok - a captain outcome reaches main's model as one typed, sequence-keyed processing request while routine notes stay plain
ok - requested and unsolicited healthy outcomes keep distinct delivery and event ownership
ok - captain outcomes are exact and exactly once across crash, reload, busy main, compaction, and an unrelated assistant response
ok - a captain outcome opens one sequence-keyed processing turn, survives empty and unrelated answers, is re-presented at run end and session start, and closes only on its acknowledgement
ok - Pi: an abbreviated processing request points to the full outcome and instructs main to read it first
ok - Pi: a marker-less >1 MiB backlog is presented oldest first in bounded requests and continues after batch acknowledgement
ok - an unprocessed captain row the store lists without its age is reported to main, never formatted undated, and stays unprocessed until the store is healthy
ok - scopeForUnreadWake excludes every main-only class without vetoing eligible task-local rows, and writes the eligible snapshot
ok - second-mate signal rows route by their new span while crewmate and stale routing stay unchanged
ok - branch prompt_cache_key is stable per home across sessions and distinct between homes
ok - branch default-on eligibility (task-scoped, heartbeat, legacy flag ignored) binds and a broken branch rejects to watcher fallback
ok - under the away-posture record the wake carries the verbatim read-back tail, claims every row, opens no processing turn, cancels a pending request, and presents the accumulated rows after archive
ok - Pi branch: an unchanged held outcome reaches the captain once across cadences, and a later red check on the task still does
ok - an accepted away-only wake rejects after archive, while a drained task-local wake stays a quiet no-op
ok - a claimed heartbeat row on a non-heartbeat away wake lifts task scoping for the fleet report
ok - a heartbeat review survives a check row arriving before its drain
ok - fm_branch_report refuses a task the wake did not name, fleet included, while a heartbeat is unscoped
ok - pre-drain eligibility re-check excludes a newly main-owned row without deferring eligible work
ok - a co-present needs-decision row neither vetoes nor falsely settles routine branch delivery
ok - a settled branch turn without a durable outcome falls back and releases its grant for main replay
ok - provider-error latches cool down, re-probe once with backoff, and recover through a durable report
ok - selection changes preserve in-flight transcript ownership and reset provider-error streaks
ok - a stale main claim returns the durable wake to watcher delivery
ok - pre-drain eligibility re-check no-ops an already-drained wake
ok - dialog mirror filters tool and operational traffic, lands before wakes, and keeps a durable cursor
ok - the dialog mirror re-anchors for each session's new branch conversation and stays incremental within it
ok - every main session start begins a new branch conversation while one session keeps its own
ok - the current pin state binds every branch build, and clearing it returns the branch to main's model
ok - unpinned branches follow main model changes live while pinned branches stay fixed
ok - supervision-model command persists the captain's pick and rebinds the live branch
ok - supervision-model opens a bounded searchable list, follow main first, and pins the branch alone
ok - branch model picker keeps follow main first and filters the eligible catalog
ok - the effort pin binds every branch build, and clearing it returns the branch to main's effort
ok - unpinned branches follow main effort changes live while pinned branches stay fixed
ok - an extension-registered provider resolves in the isolated branch runtime
ok - supervision-model runs an effort picker after the model picker and persists both independently
ok - an unusable model pin rejects to watcher fallback and an unparseable one is treated as no pin
ok - replacement activation cleans old branch leases and retries failed cleanup
ok - branch activates on a cold start once the lock is acquired, never before
ok - queued wakes and mirrors stop mutating branch state after lock ownership is lost
ok - stale reports, shells, mirrors, cursors, leases, and prompts perform no side effects
ok - a Pi session that does not own the lock accepts nothing and mutates no branch state
ok - an extension rebind re-mirrors undelivered dialog instead of dropping it
ok - outcome delivery keeps the event loop running and interleaved reports stay ordered and exactly once
ok - a session replaced mid-delivery cancels cleanly and the stored outcome still arrives exactly once
ok - a failing store script surfaces to the branch and its outcome is neither lost nor delivered twice
ok - a failed cursor write re-delivers a routine note exactly once more while a captain outcome stays deduplicated
FM_TEST_END 2026-09-30T07:42:22Z tests/fm-pi-branch-extension.test.sh exit=0 duration_ms=415700 gate_skip=false
FM_TEST_SUMMARY total=2 failed=1 skipped_gate=0 duration_ms=465119
FM_TEST_SUMMARY_FAMILY family=pure-contract-unit count=1 duration_ms=49108 failed=1
FM_TEST_SUMMARY_FAMILY family=standalone count=1 duration_ms=415700 failed=0
FM_TEST_SLOWEST rank=1 script=tests/fm-pi-branch-extension.test.sh duration_ms=415700
FM_TEST_SLOWEST rank=2 script=tests/fm-calm-pi-extension.test.sh duration_ms=49108
fm-test-run: wrote timing artifact: /Users/kesslerio/.no-mistakes/evidence/01M3RK3ZC6HPM3EB47S4VX8T41/pi-results.json
