FM_TEST_BEGIN 2026-09-30T07:41:46Z tests/fm-remote-secondmate-trace-context.test.sh family=secondmate expected_gate_skip=none
ok - disabled: a remote-routed second mate records and receives no carrier and stays enabled-off end to end
ok - enabled: a remote-routed second mate receives one carrier in its pane, identical to the parent's recorded identity, before launch
ok - relaunch: a remote-routed second mate keeps one stable identity across restarts
ok - boundary: each remote-routed second mate roots its own trace and never adopts the spawning environment's carrier
ok - allowlist: the remote receiver accepts exactly the declared inherited-material set, including the enablement flag
ok - delivery: a parent-supplied carrier is accepted only for a secondmate launch and only as a strict W3C value
ALL TESTS PASSED
FM_TEST_END 2026-09-30T07:46:05Z tests/fm-remote-secondmate-trace-context.test.sh exit=0 duration_ms=258906 gate_skip=false
FM_TEST_BEGIN 2026-09-30T07:46:05Z tests/fm-remote-secondmate-lifecycle-e2e.test.sh family=secondmate expected_gate_skip=none
ok - overlapping remote home provisioning serializes through publication and rollback
ok - competing cleanup of the public home cannot reach a live provisioning clone
ok - a home that appears mid-provision makes the provision die without touching it
ok - remote seed rollback preserves serialized competing routes
ok - unknown readiness preserves its route and brief for reconciliation
ok - remote seeding checks, repairs, and re-checks readiness, then stops on a remaining gap
ok - remote seeding proceeds once the repair closes every gap
ok - remote seeding provisions a supplied origin without touching the primary project tree
ok - remote provisioning re-validates a supplied origin at the receiving host
ok - seeding carries bitbucket, self-hosted, and scp-like origins through to the remote clone
ok - remote seed registers the route and provisions the whole home and project clone on that host
ok - remote inheritance rejects incomplete and superseded payload generations
ok - mixed local and remote routes validate without migration
ok - remote spawn launches on the remote-local backend and records a host-qualified route
ok - legacy and mismatched remote endpoints fail closed before backend access
ok - non-herdr remote endpoints are refused without changing either route
ok - remote spawn serializes inheritance through launch publication
ok - marked send and routed reply complete through the existing parent correlation owner
ok - partial remote inheritance retains reread intent through bootstrap convergence
ok - config push and bootstrap serialize remote inheritance convergence
WARNING: watcher still down (same stale episode; last beat: 182s ago, grace 300s) - full banner already printed this episode.
ok - remote inherited config retains and retries a failed live reread nudge
ok - fleet snapshot projects mixed local and remote structured state
ok - remote update imports and fast-forwards the persistent home on its configured host
ok - the remote restart verb delegates to the host-local control plane and refuses before stopping anything
ok - startup repairs remote readiness before probing without relaunching
ok - watch liveness: a dead remote secondmate is auto-relaunched on its own host with one wake
ok - watch liveness: an unreachable remote secondmate is probed, preserved, and never failed over
ok - the host-local state read steps around a stale shadowing herdr client
ok - startup reports alive legacy backends without changing their routes
ok - unreachable no-ledger remote state remains explicit with no local respawn or failover
ok - remote retirement refuses child work, then removes only its own endpoint while a shared-session sibling survives
ALL TESTS PASSED
not ok - tests/fm-remote-secondmate-lifecycle-e2e.test.sh exceeded the per-script bound of 900s and was terminated
FM_TEST_END 2026-09-30T08:01:05Z tests/fm-remote-secondmate-lifecycle-e2e.test.sh exit=124 duration_ms=900201 gate_skip=false
FM_TEST_SUMMARY total=2 failed=1 skipped_gate=0 duration_ms=1159307
FM_TEST_SUMMARY_FAMILY family=secondmate count=2 duration_ms=1159107 failed=1
FM_TEST_SLOWEST rank=1 script=tests/fm-remote-secondmate-lifecycle-e2e.test.sh duration_ms=900201
FM_TEST_SLOWEST rank=2 script=tests/fm-remote-secondmate-trace-context.test.sh duration_ms=258906
fm-test-run: wrote timing artifact: /Users/kesslerio/.no-mistakes/evidence/01M3RK3ZC6HPM3EB47S4VX8T41/remote-retry-results.json
